
┌─ 1 (root, init)
│   k: #execute ~> CONTINUATION:K
│   pc: 0
│   callDepth: 0
│   statusCode: STATUSCODE:StatusCode
│
│  (1139 steps)
├─ 7
│   k: #execute ~> #return 128 32 ~> #pc [ STATICCALL ] ~> #execute ~> CONTINUATION:K
│   pc: 0
│   callDepth: 1
│   statusCode: STATUSCODE:StatusCode
┃
┃ (1 step)
┣━━┓
┃  │
┃  ├─ 8
┃  │   k: #halt ~> #return 128 32 ~> #pc [ STATICCALL ] ~> #execute ~> CONTINUATION:K
┃  │   pc: 550
┃  │   callDepth: 1
┃  │   statusCode: EVMC_REVERT
┃  │
┃  │  (72 steps)
┃  └─ 11 (leaf, terminal)
┃      k: #halt ~> CONTINUATION:K
┃      pc: 1940
┃      callDepth: 0
┃      statusCode: EVMC_REVERT
┃
┣━━┓
┃  │
┃  ├─ 9
┃  │   k: #halt ~> #return 128 32 ~> #pc [ STATICCALL ] ~> #execute ~> CONTINUATION:K
┃  │   pc: 128
┃  │   callDepth: 1
┃  │   statusCode: EVMC_SUCCESS
┃  │
┃  │  (441 steps)
┃  ├─ 12
┃  │   k: #execute ~> #return 160 32 ~> #pc [ STATICCALL ] ~> #execute ~> CONTINUATION:K
┃  │   pc: 0
┃  │   callDepth: 1
┃  │   statusCode: EVMC_SUCCESS
┃  ┃
┃  ┃ (1 step)
┃  ┣━━┓
┃  ┃  │
┃  ┃  ├─ 14
┃  ┃  │   k: #halt ~> #return 160 32 ~> #pc [ STATICCALL ] ~> #execute ~> CONTINUATION:K
┃  ┃  │   pc: 550
┃  ┃  │   callDepth: 1
┃  ┃  │   statusCode: EVMC_REVERT
┃  ┃  │
┃  ┃  │  (72 steps)
┃  ┃  └─ 17 (leaf, terminal)
┃  ┃      k: #halt ~> CONTINUATION:K
┃  ┃      pc: 2069
┃  ┃      callDepth: 0
┃  ┃      statusCode: EVMC_REVERT
┃  ┃
┃  ┣━━┓
┃  ┃  │
┃  ┃  ├─ 15 (split)
┃  ┃  │   k: #halt ~> #return 160 32 ~> #pc [ STATICCALL ] ~> #execute ~> CONTINUATION:K
┃  ┃  │   pc: 128
┃  ┃  │   callDepth: 1
┃  ┃  │   statusCode: EVMC_SUCCESS
┃  ┃  ┃
┃  ┃  ┃ (branch)
┃  ┃  ┣━━┓ constraint: VV0_x_114b9705:Int <Int ( ( ( ( VV0_x_114b9705:Int +Int VV1_y_114b9705:Int ) -Int VV2_z_114b9705:Int ) +Int VV1_y_114b9705:Int ) -Int VV2_z_114b9705:Int )
┃  ┃  ┃  │
┃  ┃  ┃  ├─ 24
┃  ┃  ┃  │   k: #halt ~> #return 160 32 ~> #pc [ STATICCALL ] ~> #execute ~> CONTINUATION:K
┃  ┃  ┃  │   pc: 128
┃  ┃  ┃  │   callDepth: 1
┃  ┃  ┃  │   statusCode: EVMC_SUCCESS
┃  ┃  ┃  │
┃  ┃  ┃  │  (328 steps)
┃  ┃  ┃  ├─ 22 (terminal)
┃  ┃  ┃  │   k: #halt ~> CONTINUATION:K
┃  ┃  ┃  │   pc: 259
┃  ┃  ┃  │   callDepth: 0
┃  ┃  ┃  │   statusCode: EVMC_SUCCESS
┃  ┃  ┃  │
┃  ┃  ┃  ┊  constraint: true
┃  ┃  ┃  ┊  subst: OMITTED SUBST
┃  ┃  ┃  └─ 6 (leaf, target, terminal)
┃  ┃  ┃      k: #halt ~> CONTINUATION:K
┃  ┃  ┃      pc: PC_CELL_5d410f2a:Int
┃  ┃  ┃      callDepth: CALLDEPTH_CELL_5d410f2a:Int
┃  ┃  ┃      statusCode: STATUSCODE_FINAL:StatusCode
┃  ┃  ┃
┃  ┃  ┗━━┓ constraint: ( notBool VV0_x_114b9705:Int <Int ( ( ( ( VV0_x_114b9705:Int +Int VV1_y_114b9705:Int ) -Int VV2_z_114b9705:Int ) +Int VV1_y_114b9705:Int ) -Int VV2_z_114b9705:Int ) )
┃  ┃     │
┃  ┃     ├─ 25
┃  ┃     │   k: #halt ~> #return 160 32 ~> #pc [ STATICCALL ] ~> #execute ~> CONTINUATION:K
┃  ┃     │   pc: 128
┃  ┃     │   callDepth: 1
┃  ┃     │   statusCode: EVMC_SUCCESS
┃  ┃     │
┃  ┃     │  (331 steps)
┃  ┃     └─ 23 (leaf, terminal)
┃  ┃         k: #halt ~> CONTINUATION:K
┃  ┃         pc: 4231
┃  ┃         callDepth: 0
┃  ┃         statusCode: EVMC_REVERT
┃  ┃
┃  ┗━━┓
┃     │
┃     ├─ 16
┃     │   k: #halt ~> #return 160 32 ~> #pc [ STATICCALL ] ~> #execute ~> CONTINUATION:K
┃     │   pc: 295
┃     │   callDepth: 1
┃     │   statusCode: EVMC_REVERT
┃     │
┃     │  (72 steps)
┃     └─ 19 (leaf, terminal)
┃         k: #halt ~> CONTINUATION:K
┃         pc: 2069
┃         callDepth: 0
┃         statusCode: EVMC_REVERT
┃
┗━━┓
   │
   ├─ 10
   │   k: #halt ~> #return 128 32 ~> #pc [ STATICCALL ] ~> #execute ~> CONTINUATION:K
   │   pc: 295
   │   callDepth: 1
   │   statusCode: EVMC_REVERT
   │
   │  (72 steps)
   └─ 13 (leaf, terminal)
       k: #halt ~> CONTINUATION:K
       pc: 1940
       callDepth: 0
       statusCode: EVMC_REVERT



