
┌─ 1 (root, init)
│   k: #execute ~> CONTINUATION:K
│   pc: 0
│   callDepth: 0
│   statusCode: STATUSCODE:StatusCode
│
│  (383 steps)
├─ 3
│   k: #halt ~> #codeDeposit 491460923342184218035706888008750043977755113263 ~> #pc [  ...
│   pc: 30
│   callDepth: 1
│   statusCode: EVMC_SUCCESS
│
│  (163 steps)
├─ 4 (terminal)
│   k: #halt ~> CONTINUATION:K
│   pc: 248
│   callDepth: 0
│   statusCode: EVMC_SUCCESS
│
│  (1 step)
├─ 5
│   k: #execute ~> CONTINUATION:K
│   pc: 0
│   callDepth: 0
│   statusCode: STATUSCODE:StatusCode
│
│  (531 steps)
├─ 7
│   k: #checkDepthExceeded ~> #call 491460923342184218035706888008750043977755113263 49 ...
│   pc: 279
│   callDepth: 1
│   statusCode: STATUSCODE:StatusCode
┃
┃ (1 step)
┣━━┓
┃  │
┃  ├─ 8 (split)
┃  │   k: JUMPI 570 bool2Word ( VV0_x_114b9705:Int <=Int ( maxUInt256 -Int VV1_y_114b9705: ...
┃  │   pc: 562
┃  │   callDepth: 2
┃  │   statusCode: STATUSCODE:StatusCode
┃  ┃
┃  ┃ (branch)
┃  ┣━━┓ constraint: VV0_x_114b9705:Int <=Int ( maxUInt256 -Int VV1_y_114b9705:Int )
┃  ┃  │
┃  ┃  ├─ 10
┃  ┃  │   k: JUMPI 570 bool2Word ( VV0_x_114b9705:Int <=Int ( maxUInt256 -Int VV1_y_114b9705: ...
┃  ┃  │   pc: 562
┃  ┃  │   callDepth: 2
┃  ┃  │   statusCode: STATUSCODE:StatusCode
┃  ┃  ┃
┃  ┃  ┃ (1 step)
┃  ┃  ┣━━┓
┃  ┃  ┃  │
┃  ┃  ┃  ├─ 14 (split)
┃  ┃  ┃  │   k: JUMPI 618 bool2Word ( VV2_z_114b9705:Int <=Int ( VV0_x_114b9705:Int +Int VV1_y_1 ...
┃  ┃  ┃  │   pc: 610
┃  ┃  ┃  │   callDepth: 1
┃  ┃  ┃  │   statusCode: EVMC_SUCCESS
┃  ┃  ┃  ┃
┃  ┃  ┃  ┃ (branch)
┃  ┃  ┃  ┣━━┓ constraint: VV2_z_114b9705:Int <=Int ( VV0_x_114b9705:Int +Int VV1_y_114b9705:Int )
┃  ┃  ┃  ┃  │
┃  ┃  ┃  ┃  ├─ 30
┃  ┃  ┃  ┃  │   k: JUMPI 618 bool2Word ( VV2_z_114b9705:Int <=Int ( VV0_x_114b9705:Int +Int VV1_y_1 ...
┃  ┃  ┃  ┃  │   pc: 610
┃  ┃  ┃  ┃  │   callDepth: 1
┃  ┃  ┃  ┃  │   statusCode: EVMC_SUCCESS
┃  ┃  ┃  ┃  ┃
┃  ┃  ┃  ┃  ┃ (1 step)
┃  ┃  ┃  ┃  ┣━━┓
┃  ┃  ┃  ┃  ┃  │
┃  ┃  ┃  ┃  ┃  ├─ 54
┃  ┃  ┃  ┃  ┃  │   k: #halt ~> #return 128 32 ~> #pc [ STATICCALL ] ~> #execute ~> CONTINUATION:K
┃  ┃  ┃  ┃  ┃  │   pc: 128
┃  ┃  ┃  ┃  ┃  │   callDepth: 1
┃  ┃  ┃  ┃  ┃  │   statusCode: EVMC_SUCCESS
┃  ┃  ┃  ┃  ┃  │
┃  ┃  ┃  ┃  ┃  │  (430 steps)
┃  ┃  ┃  ┃  ┃  └─ 118 (leaf, pending)
┃  ┃  ┃  ┃  ┃      k: #checkDepthExceeded ~> #call 491460923342184218035706888008750043977755113263 49 ...
┃  ┃  ┃  ┃  ┃      pc: 279
┃  ┃  ┃  ┃  ┃      callDepth: 1
┃  ┃  ┃  ┃  ┃      statusCode: EVMC_SUCCESS
┃  ┃  ┃  ┃  ┃
┃  ┃  ┃  ┃  ┣━━┓
┃  ┃  ┃  ┃  ┃  │
┃  ┃  ┃  ┃  ┃  ├─ 55
┃  ┃  ┃  ┃  ┃  │   k: #halt ~> #return 128 32 ~> #pc [ STATICCALL ] ~> #execute ~> CONTINUATION:K
┃  ┃  ┃  ┃  ┃  │   pc: 128
┃  ┃  ┃  ┃  ┃  │   callDepth: 1
┃  ┃  ┃  ┃  ┃  │   statusCode: EVMC_SUCCESS
┃  ┃  ┃  ┃  ┃  │
┃  ┃  ┃  ┃  ┃  │  (430 steps)
┃  ┃  ┃  ┃  ┃  └─ 119 (leaf, pending)
┃  ┃  ┃  ┃  ┃      k: #checkDepthExceeded ~> #call 491460923342184218035706888008750043977755113263 49 ...
┃  ┃  ┃  ┃  ┃      pc: 279
┃  ┃  ┃  ┃  ┃      callDepth: 1
┃  ┃  ┃  ┃  ┃      statusCode: EVMC_SUCCESS
┃  ┃  ┃  ┃  ┃
┃  ┃  ┃  ┃  ┣━━┓
┃  ┃  ┃  ┃  ┃  │
┃  ┃  ┃  ┃  ┃  ├─ 56
┃  ┃  ┃  ┃  ┃  │   k: #halt ~> #return 128 32 ~> #pc [ STATICCALL ] ~> #execute ~> CONTINUATION:K
┃  ┃  ┃  ┃  ┃  │   pc: 128
┃  ┃  ┃  ┃  ┃  │   callDepth: 1
┃  ┃  ┃  ┃  ┃  │   statusCode: EVMC_SUCCESS
┃  ┃  ┃  ┃  ┃  │
┃  ┃  ┃  ┃  ┃  │  (430 steps)
┃  ┃  ┃  ┃  ┃  └─ 120 (leaf, pending)
┃  ┃  ┃  ┃  ┃      k: #checkDepthExceeded ~> #call 491460923342184218035706888008750043977755113263 49 ...
┃  ┃  ┃  ┃  ┃      pc: 279
┃  ┃  ┃  ┃  ┃      callDepth: 1
┃  ┃  ┃  ┃  ┃      statusCode: EVMC_SUCCESS
┃  ┃  ┃  ┃  ┃
┃  ┃  ┃  ┃  ┗━━┓
┃  ┃  ┃  ┃     │
┃  ┃  ┃  ┃     ├─ 57
┃  ┃  ┃  ┃     │   k: #halt ~> #return 128 32 ~> #pc [ STATICCALL ] ~> #execute ~> CONTINUATION:K
┃  ┃  ┃  ┃     │   pc: 128
┃  ┃  ┃  ┃     │   callDepth: 1
┃  ┃  ┃  ┃     │   statusCode: EVMC_SUCCESS
┃  ┃  ┃  ┃     │
┃  ┃  ┃  ┃     │  (430 steps)
┃  ┃  ┃  ┃     └─ 121 (leaf, pending)
┃  ┃  ┃  ┃         k: #checkDepthExceeded ~> #call 491460923342184218035706888008750043977755113263 49 ...
┃  ┃  ┃  ┃         pc: 279
┃  ┃  ┃  ┃         callDepth: 1
┃  ┃  ┃  ┃         statusCode: EVMC_SUCCESS
┃  ┃  ┃  ┃
┃  ┃  ┃  ┗━━┓ constraint: ( notBool VV2_z_114b9705:Int <=Int ( VV0_x_114b9705:Int +Int VV1_y_114b9705:Int ) )
┃  ┃  ┃     │
┃  ┃  ┃     ├─ 31
┃  ┃  ┃     │   k: JUMPI 618 bool2Word ( VV2_z_114b9705:Int <=Int ( VV0_x_114b9705:Int +Int VV1_y_1 ...
┃  ┃  ┃     │   pc: 610
┃  ┃  ┃     │   callDepth: 1
┃  ┃  ┃     │   statusCode: EVMC_SUCCESS
┃  ┃  ┃     ┃
┃  ┃  ┃     ┃ (1 step)
┃  ┃  ┃     ┣━━┓
┃  ┃  ┃     ┃  │
┃  ┃  ┃     ┃  ├─ 58
┃  ┃  ┃     ┃  │   k: #halt ~> #return 128 32 ~> #pc [ STATICCALL ] ~> #execute ~> CONTINUATION:K
┃  ┃  ┃     ┃  │   pc: 550
┃  ┃  ┃     ┃  │   callDepth: 1
┃  ┃  ┃     ┃  │   statusCode: EVMC_REVERT
┃  ┃  ┃     ┃  │
┃  ┃  ┃     ┃  │  (72 steps)
┃  ┃  ┃     ┃  └─ 122 (leaf, pending)
┃  ┃  ┃     ┃      k: #halt ~> CONTINUATION:K
┃  ┃  ┃     ┃      pc: 1584
┃  ┃  ┃     ┃      callDepth: 0
┃  ┃  ┃     ┃      statusCode: EVMC_REVERT
┃  ┃  ┃     ┃
┃  ┃  ┃     ┣━━┓
┃  ┃  ┃     ┃  │
┃  ┃  ┃     ┃  ├─ 59
┃  ┃  ┃     ┃  │   k: #halt ~> #return 128 32 ~> #pc [ STATICCALL ] ~> #execute ~> CONTINUATION:K
┃  ┃  ┃     ┃  │   pc: 550
┃  ┃  ┃     ┃  │   callDepth: 1
┃  ┃  ┃     ┃  │   statusCode: EVMC_REVERT
┃  ┃  ┃     ┃  │
┃  ┃  ┃     ┃  │  (72 steps)
┃  ┃  ┃     ┃  └─ 123 (leaf, pending)
┃  ┃  ┃     ┃      k: #halt ~> CONTINUATION:K
┃  ┃  ┃     ┃      pc: 1584
┃  ┃  ┃     ┃      callDepth: 0
┃  ┃  ┃     ┃      statusCode: EVMC_REVERT
┃  ┃  ┃     ┃
┃  ┃  ┃     ┣━━┓
┃  ┃  ┃     ┃  │
┃  ┃  ┃     ┃  ├─ 60
┃  ┃  ┃     ┃  │   k: #halt ~> #return 128 32 ~> #pc [ STATICCALL ] ~> #execute ~> CONTINUATION:K
┃  ┃  ┃     ┃  │   pc: 550
┃  ┃  ┃     ┃  │   callDepth: 1
┃  ┃  ┃     ┃  │   statusCode: EVMC_REVERT
┃  ┃  ┃     ┃  │
┃  ┃  ┃     ┃  │  (72 steps)
┃  ┃  ┃     ┃  └─ 124 (leaf, pending)
┃  ┃  ┃     ┃      k: #halt ~> CONTINUATION:K
┃  ┃  ┃     ┃      pc: 1584
┃  ┃  ┃     ┃      callDepth: 0
┃  ┃  ┃     ┃      statusCode: EVMC_REVERT
┃  ┃  ┃     ┃
┃  ┃  ┃     ┗━━┓
┃  ┃  ┃        │
┃  ┃  ┃        ├─ 61
┃  ┃  ┃        │   k: #halt ~> #return 128 32 ~> #pc [ STATICCALL ] ~> #execute ~> CONTINUATION:K
┃  ┃  ┃        │   pc: 550
┃  ┃  ┃        │   callDepth: 1
┃  ┃  ┃        │   statusCode: EVMC_REVERT
┃  ┃  ┃        │
┃  ┃  ┃        │  (72 steps)
┃  ┃  ┃        └─ 125 (leaf, pending)
┃  ┃  ┃            k: #halt ~> CONTINUATION:K
┃  ┃  ┃            pc: 1584
┃  ┃  ┃            callDepth: 0
┃  ┃  ┃            statusCode: EVMC_REVERT
┃  ┃  ┃
┃  ┃  ┣━━┓
┃  ┃  ┃  │
┃  ┃  ┃  ├─ 15 (split)
┃  ┃  ┃  │   k: JUMPI 618 bool2Word ( VV2_z_114b9705:Int <=Int ( VV0_x_114b9705:Int +Int VV1_y_1 ...
┃  ┃  ┃  │   pc: 610
┃  ┃  ┃  │   callDepth: 1
┃  ┃  ┃  │   statusCode: EVMC_SUCCESS
┃  ┃  ┃  ┃
┃  ┃  ┃  ┃ (branch)
┃  ┃  ┃  ┣━━┓ constraint: VV2_z_114b9705:Int <=Int ( VV0_x_114b9705:Int +Int VV1_y_114b9705:Int )
┃  ┃  ┃  ┃  │
┃  ┃  ┃  ┃  ├─ 32
┃  ┃  ┃  ┃  │   k: JUMPI 618 bool2Word ( VV2_z_114b9705:Int <=Int ( VV0_x_114b9705:Int +Int VV1_y_1 ...
┃  ┃  ┃  ┃  │   pc: 610
┃  ┃  ┃  ┃  │   callDepth: 1
┃  ┃  ┃  ┃  │   statusCode: EVMC_SUCCESS
┃  ┃  ┃  ┃  ┃
┃  ┃  ┃  ┃  ┃ (1 step)
┃  ┃  ┃  ┃  ┣━━┓
┃  ┃  ┃  ┃  ┃  │
┃  ┃  ┃  ┃  ┃  ├─ 62
┃  ┃  ┃  ┃  ┃  │   k: #halt ~> #return 128 32 ~> #pc [ STATICCALL ] ~> #execute ~> CONTINUATION:K
┃  ┃  ┃  ┃  ┃  │   pc: 128
┃  ┃  ┃  ┃  ┃  │   callDepth: 1
┃  ┃  ┃  ┃  ┃  │   statusCode: EVMC_SUCCESS
┃  ┃  ┃  ┃  ┃  │
┃  ┃  ┃  ┃  ┃  │  (430 steps)
┃  ┃  ┃  ┃  ┃  └─ 126 (leaf, pending)
┃  ┃  ┃  ┃  ┃      k: #checkDepthExceeded ~> #call 491460923342184218035706888008750043977755113263 49 ...
┃  ┃  ┃  ┃  ┃      pc: 279
┃  ┃  ┃  ┃  ┃      callDepth: 1
┃  ┃  ┃  ┃  ┃      statusCode: EVMC_SUCCESS
┃  ┃  ┃  ┃  ┃
┃  ┃  ┃  ┃  ┣━━┓
┃  ┃  ┃  ┃  ┃  │
┃  ┃  ┃  ┃  ┃  ├─ 63
┃  ┃  ┃  ┃  ┃  │   k: #halt ~> #return 128 32 ~> #pc [ STATICCALL ] ~> #execute ~> CONTINUATION:K
┃  ┃  ┃  ┃  ┃  │   pc: 128
┃  ┃  ┃  ┃  ┃  │   callDepth: 1
┃  ┃  ┃  ┃  ┃  │   statusCode: EVMC_SUCCESS
┃  ┃  ┃  ┃  ┃  │
┃  ┃  ┃  ┃  ┃  │  (430 steps)
┃  ┃  ┃  ┃  ┃  └─ 127 (leaf, pending)
┃  ┃  ┃  ┃  ┃      k: #checkDepthExceeded ~> #call 491460923342184218035706888008750043977755113263 49 ...
┃  ┃  ┃  ┃  ┃      pc: 279
┃  ┃  ┃  ┃  ┃      callDepth: 1
┃  ┃  ┃  ┃  ┃      statusCode: EVMC_SUCCESS
┃  ┃  ┃  ┃  ┃
┃  ┃  ┃  ┃  ┣━━┓
┃  ┃  ┃  ┃  ┃  │
┃  ┃  ┃  ┃  ┃  ├─ 64
┃  ┃  ┃  ┃  ┃  │   k: #halt ~> #return 128 32 ~> #pc [ STATICCALL ] ~> #execute ~> CONTINUATION:K
┃  ┃  ┃  ┃  ┃  │   pc: 128
┃  ┃  ┃  ┃  ┃  │   callDepth: 1
┃  ┃  ┃  ┃  ┃  │   statusCode: EVMC_SUCCESS
┃  ┃  ┃  ┃  ┃  │
┃  ┃  ┃  ┃  ┃  │  (430 steps)
┃  ┃  ┃  ┃  ┃  └─ 128 (leaf, pending)
┃  ┃  ┃  ┃  ┃      k: #checkDepthExceeded ~> #call 491460923342184218035706888008750043977755113263 49 ...
┃  ┃  ┃  ┃  ┃      pc: 279
┃  ┃  ┃  ┃  ┃      callDepth: 1
┃  ┃  ┃  ┃  ┃      statusCode: EVMC_SUCCESS
┃  ┃  ┃  ┃  ┃
┃  ┃  ┃  ┃  ┗━━┓
┃  ┃  ┃  ┃     │
┃  ┃  ┃  ┃     ├─ 65
┃  ┃  ┃  ┃     │   k: #halt ~> #return 128 32 ~> #pc [ STATICCALL ] ~> #execute ~> CONTINUATION:K
┃  ┃  ┃  ┃     │   pc: 128
┃  ┃  ┃  ┃     │   callDepth: 1
┃  ┃  ┃  ┃     │   statusCode: EVMC_SUCCESS
┃  ┃  ┃  ┃     │
┃  ┃  ┃  ┃     │  (430 steps)
┃  ┃  ┃  ┃     └─ 129 (leaf, pending)
┃  ┃  ┃  ┃         k: #checkDepthExceeded ~> #call 491460923342184218035706888008750043977755113263 49 ...
┃  ┃  ┃  ┃         pc: 279
┃  ┃  ┃  ┃         callDepth: 1
┃  ┃  ┃  ┃         statusCode: EVMC_SUCCESS
┃  ┃  ┃  ┃
┃  ┃  ┃  ┗━━┓ constraint: ( notBool VV2_z_114b9705:Int <=Int ( VV0_x_114b9705:Int +Int VV1_y_114b9705:Int ) )
┃  ┃  ┃     │
┃  ┃  ┃     ├─ 33
┃  ┃  ┃     │   k: JUMPI 618 bool2Word ( VV2_z_114b9705:Int <=Int ( VV0_x_114b9705:Int +Int VV1_y_1 ...
┃  ┃  ┃     │   pc: 610
┃  ┃  ┃     │   callDepth: 1
┃  ┃  ┃     │   statusCode: EVMC_SUCCESS
┃  ┃  ┃     ┃
┃  ┃  ┃     ┃ (1 step)
┃  ┃  ┃     ┣━━┓
┃  ┃  ┃     ┃  │
┃  ┃  ┃     ┃  ├─ 66
┃  ┃  ┃     ┃  │   k: #halt ~> #return 128 32 ~> #pc [ STATICCALL ] ~> #execute ~> CONTINUATION:K
┃  ┃  ┃     ┃  │   pc: 550
┃  ┃  ┃     ┃  │   callDepth: 1
┃  ┃  ┃     ┃  │   statusCode: EVMC_REVERT
┃  ┃  ┃     ┃  │
┃  ┃  ┃     ┃  │  (72 steps)
┃  ┃  ┃     ┃  └─ 130 (leaf, pending)
┃  ┃  ┃     ┃      k: #halt ~> CONTINUATION:K
┃  ┃  ┃     ┃      pc: 1584
┃  ┃  ┃     ┃      callDepth: 0
┃  ┃  ┃     ┃      statusCode: EVMC_REVERT
┃  ┃  ┃     ┃
┃  ┃  ┃     ┣━━┓
┃  ┃  ┃     ┃  │
┃  ┃  ┃     ┃  ├─ 67
┃  ┃  ┃     ┃  │   k: #halt ~> #return 128 32 ~> #pc [ STATICCALL ] ~> #execute ~> CONTINUATION:K
┃  ┃  ┃     ┃  │   pc: 550
┃  ┃  ┃     ┃  │   callDepth: 1
┃  ┃  ┃     ┃  │   statusCode: EVMC_REVERT
┃  ┃  ┃     ┃  │
┃  ┃  ┃     ┃  │  (72 steps)
┃  ┃  ┃     ┃  └─ 131 (leaf, pending)
┃  ┃  ┃     ┃      k: #halt ~> CONTINUATION:K
┃  ┃  ┃     ┃      pc: 1584
┃  ┃  ┃     ┃      callDepth: 0
┃  ┃  ┃     ┃      statusCode: EVMC_REVERT
┃  ┃  ┃     ┃
┃  ┃  ┃     ┣━━┓
┃  ┃  ┃     ┃  │
┃  ┃  ┃     ┃  ├─ 68
┃  ┃  ┃     ┃  │   k: #halt ~> #return 128 32 ~> #pc [ STATICCALL ] ~> #execute ~> CONTINUATION:K
┃  ┃  ┃     ┃  │   pc: 550
┃  ┃  ┃     ┃  │   callDepth: 1
┃  ┃  ┃     ┃  │   statusCode: EVMC_REVERT
┃  ┃  ┃     ┃  │
┃  ┃  ┃     ┃  │  (72 steps)
┃  ┃  ┃     ┃  └─ 132 (leaf, pending)
┃  ┃  ┃     ┃      k: #halt ~> CONTINUATION:K
┃  ┃  ┃     ┃      pc: 1584
┃  ┃  ┃     ┃      callDepth: 0
┃  ┃  ┃     ┃      statusCode: EVMC_REVERT
┃  ┃  ┃     ┃
┃  ┃  ┃     ┗━━┓
┃  ┃  ┃        │
┃  ┃  ┃        ├─ 69
┃  ┃  ┃        │   k: #halt ~> #return 128 32 ~> #pc [ STATICCALL ] ~> #execute ~> CONTINUATION:K
┃  ┃  ┃        │   pc: 550
┃  ┃  ┃        │   callDepth: 1
┃  ┃  ┃        │   statusCode: EVMC_REVERT
┃  ┃  ┃        │
┃  ┃  ┃        │  (72 steps)
┃  ┃  ┃        └─ 133 (leaf, pending)
┃  ┃  ┃            k: #halt ~> CONTINUATION:K
┃  ┃  ┃            pc: 1584
┃  ┃  ┃            callDepth: 0
┃  ┃  ┃            statusCode: EVMC_REVERT
┃  ┃  ┃
┃  ┃  ┣━━┓
┃  ┃  ┃  │
┃  ┃  ┃  ├─ 16 (split)
┃  ┃  ┃  │   k: JUMPI 618 bool2Word ( VV2_z_114b9705:Int <=Int ( VV0_x_114b9705:Int +Int VV1_y_1 ...
┃  ┃  ┃  │   pc: 610
┃  ┃  ┃  │   callDepth: 1
┃  ┃  ┃  │   statusCode: EVMC_SUCCESS
┃  ┃  ┃  ┃
┃  ┃  ┃  ┃ (branch)
┃  ┃  ┃  ┣━━┓ constraint: VV2_z_114b9705:Int <=Int ( VV0_x_114b9705:Int +Int VV1_y_114b9705:Int )
┃  ┃  ┃  ┃  │
┃  ┃  ┃  ┃  ├─ 34
┃  ┃  ┃  ┃  │   k: JUMPI 618 bool2Word ( VV2_z_114b9705:Int <=Int ( VV0_x_114b9705:Int +Int VV1_y_1 ...
┃  ┃  ┃  ┃  │   pc: 610
┃  ┃  ┃  ┃  │   callDepth: 1
┃  ┃  ┃  ┃  │   statusCode: EVMC_SUCCESS
┃  ┃  ┃  ┃  ┃
┃  ┃  ┃  ┃  ┃ (1 step)
┃  ┃  ┃  ┃  ┣━━┓
┃  ┃  ┃  ┃  ┃  │
┃  ┃  ┃  ┃  ┃  ├─ 70
┃  ┃  ┃  ┃  ┃  │   k: #halt ~> #return 128 32 ~> #pc [ STATICCALL ] ~> #execute ~> CONTINUATION:K
┃  ┃  ┃  ┃  ┃  │   pc: 128
┃  ┃  ┃  ┃  ┃  │   callDepth: 1
┃  ┃  ┃  ┃  ┃  │   statusCode: EVMC_SUCCESS
┃  ┃  ┃  ┃  ┃  │
┃  ┃  ┃  ┃  ┃  │  (430 steps)
┃  ┃  ┃  ┃  ┃  └─ 134 (leaf, pending)
┃  ┃  ┃  ┃  ┃      k: #checkDepthExceeded ~> #call 491460923342184218035706888008750043977755113263 49 ...
┃  ┃  ┃  ┃  ┃      pc: 279
┃  ┃  ┃  ┃  ┃      callDepth: 1
┃  ┃  ┃  ┃  ┃      statusCode: EVMC_SUCCESS
┃  ┃  ┃  ┃  ┃
┃  ┃  ┃  ┃  ┣━━┓
┃  ┃  ┃  ┃  ┃  │
┃  ┃  ┃  ┃  ┃  ├─ 71
┃  ┃  ┃  ┃  ┃  │   k: #halt ~> #return 128 32 ~> #pc [ STATICCALL ] ~> #execute ~> CONTINUATION:K
┃  ┃  ┃  ┃  ┃  │   pc: 128
┃  ┃  ┃  ┃  ┃  │   callDepth: 1
┃  ┃  ┃  ┃  ┃  │   statusCode: EVMC_SUCCESS
┃  ┃  ┃  ┃  ┃  │
┃  ┃  ┃  ┃  ┃  │  (430 steps)
┃  ┃  ┃  ┃  ┃  └─ 135 (leaf, pending)
┃  ┃  ┃  ┃  ┃      k: #checkDepthExceeded ~> #call 491460923342184218035706888008750043977755113263 49 ...
┃  ┃  ┃  ┃  ┃      pc: 279
┃  ┃  ┃  ┃  ┃      callDepth: 1
┃  ┃  ┃  ┃  ┃      statusCode: EVMC_SUCCESS
┃  ┃  ┃  ┃  ┃
┃  ┃  ┃  ┃  ┣━━┓
┃  ┃  ┃  ┃  ┃  │
┃  ┃  ┃  ┃  ┃  ├─ 72
┃  ┃  ┃  ┃  ┃  │   k: #halt ~> #return 128 32 ~> #pc [ STATICCALL ] ~> #execute ~> CONTINUATION:K
┃  ┃  ┃  ┃  ┃  │   pc: 128
┃  ┃  ┃  ┃  ┃  │   callDepth: 1
┃  ┃  ┃  ┃  ┃  │   statusCode: EVMC_SUCCESS
┃  ┃  ┃  ┃  ┃  │
┃  ┃  ┃  ┃  ┃  │  (430 steps)
┃  ┃  ┃  ┃  ┃  └─ 136 (leaf, pending)
┃  ┃  ┃  ┃  ┃      k: #checkDepthExceeded ~> #call 491460923342184218035706888008750043977755113263 49 ...
┃  ┃  ┃  ┃  ┃      pc: 279
┃  ┃  ┃  ┃  ┃      callDepth: 1
┃  ┃  ┃  ┃  ┃      statusCode: EVMC_SUCCESS
┃  ┃  ┃  ┃  ┃
┃  ┃  ┃  ┃  ┗━━┓
┃  ┃  ┃  ┃     │
┃  ┃  ┃  ┃     ├─ 73
┃  ┃  ┃  ┃     │   k: #halt ~> #return 128 32 ~> #pc [ STATICCALL ] ~> #execute ~> CONTINUATION:K
┃  ┃  ┃  ┃     │   pc: 128
┃  ┃  ┃  ┃     │   callDepth: 1
┃  ┃  ┃  ┃     │   statusCode: EVMC_SUCCESS
┃  ┃  ┃  ┃     │
┃  ┃  ┃  ┃     │  (430 steps)
┃  ┃  ┃  ┃     └─ 137 (leaf, pending)
┃  ┃  ┃  ┃         k: #checkDepthExceeded ~> #call 491460923342184218035706888008750043977755113263 49 ...
┃  ┃  ┃  ┃         pc: 279
┃  ┃  ┃  ┃         callDepth: 1
┃  ┃  ┃  ┃         statusCode: EVMC_SUCCESS
┃  ┃  ┃  ┃
┃  ┃  ┃  ┗━━┓ constraint: ( notBool VV2_z_114b9705:Int <=Int ( VV0_x_114b9705:Int +Int VV1_y_114b9705:Int ) )
┃  ┃  ┃     │
┃  ┃  ┃     ├─ 35
┃  ┃  ┃     │   k: JUMPI 618 bool2Word ( VV2_z_114b9705:Int <=Int ( VV0_x_114b9705:Int +Int VV1_y_1 ...
┃  ┃  ┃     │   pc: 610
┃  ┃  ┃     │   callDepth: 1
┃  ┃  ┃     │   statusCode: EVMC_SUCCESS
┃  ┃  ┃     ┃
┃  ┃  ┃     ┃ (1 step)
┃  ┃  ┃     ┣━━┓
┃  ┃  ┃     ┃  │
┃  ┃  ┃     ┃  ├─ 74
┃  ┃  ┃     ┃  │   k: #halt ~> #return 128 32 ~> #pc [ STATICCALL ] ~> #execute ~> CONTINUATION:K
┃  ┃  ┃     ┃  │   pc: 550
┃  ┃  ┃     ┃  │   callDepth: 1
┃  ┃  ┃     ┃  │   statusCode: EVMC_REVERT
┃  ┃  ┃     ┃  │
┃  ┃  ┃     ┃  │  (72 steps)
┃  ┃  ┃     ┃  └─ 138 (leaf, pending)
┃  ┃  ┃     ┃      k: #halt ~> CONTINUATION:K
┃  ┃  ┃     ┃      pc: 1584
┃  ┃  ┃     ┃      callDepth: 0
┃  ┃  ┃     ┃      statusCode: EVMC_REVERT
┃  ┃  ┃     ┃
┃  ┃  ┃     ┣━━┓
┃  ┃  ┃     ┃  │
┃  ┃  ┃     ┃  ├─ 75
┃  ┃  ┃     ┃  │   k: #halt ~> #return 128 32 ~> #pc [ STATICCALL ] ~> #execute ~> CONTINUATION:K
┃  ┃  ┃     ┃  │   pc: 550
┃  ┃  ┃     ┃  │   callDepth: 1
┃  ┃  ┃     ┃  │   statusCode: EVMC_REVERT
┃  ┃  ┃     ┃  │
┃  ┃  ┃     ┃  │  (72 steps)
┃  ┃  ┃     ┃  └─ 139 (leaf, pending)
┃  ┃  ┃     ┃      k: #halt ~> CONTINUATION:K
┃  ┃  ┃     ┃      pc: 1584
┃  ┃  ┃     ┃      callDepth: 0
┃  ┃  ┃     ┃      statusCode: EVMC_REVERT
┃  ┃  ┃     ┃
┃  ┃  ┃     ┣━━┓
┃  ┃  ┃     ┃  │
┃  ┃  ┃     ┃  ├─ 76
┃  ┃  ┃     ┃  │   k: #halt ~> #return 128 32 ~> #pc [ STATICCALL ] ~> #execute ~> CONTINUATION:K
┃  ┃  ┃     ┃  │   pc: 550
┃  ┃  ┃     ┃  │   callDepth: 1
┃  ┃  ┃     ┃  │   statusCode: EVMC_REVERT
┃  ┃  ┃     ┃  │
┃  ┃  ┃     ┃  │  (72 steps)
┃  ┃  ┃     ┃  └─ 140 (leaf, pending)
┃  ┃  ┃     ┃      k: #halt ~> CONTINUATION:K
┃  ┃  ┃     ┃      pc: 1584
┃  ┃  ┃     ┃      callDepth: 0
┃  ┃  ┃     ┃      statusCode: EVMC_REVERT
┃  ┃  ┃     ┃
┃  ┃  ┃     ┗━━┓
┃  ┃  ┃        │
┃  ┃  ┃        ├─ 77
┃  ┃  ┃        │   k: #halt ~> #return 128 32 ~> #pc [ STATICCALL ] ~> #execute ~> CONTINUATION:K
┃  ┃  ┃        │   pc: 550
┃  ┃  ┃        │   callDepth: 1
┃  ┃  ┃        │   statusCode: EVMC_REVERT
┃  ┃  ┃        │
┃  ┃  ┃        │  (72 steps)
┃  ┃  ┃        └─ 141 (leaf, pending)
┃  ┃  ┃            k: #halt ~> CONTINUATION:K
┃  ┃  ┃            pc: 1584
┃  ┃  ┃            callDepth: 0
┃  ┃  ┃            statusCode: EVMC_REVERT
┃  ┃  ┃
┃  ┃  ┗━━┓
┃  ┃     │
┃  ┃     ├─ 17 (split)
┃  ┃     │   k: JUMPI 618 bool2Word ( VV2_z_114b9705:Int <=Int ( VV0_x_114b9705:Int +Int VV1_y_1 ...
┃  ┃     │   pc: 610
┃  ┃     │   callDepth: 1
┃  ┃     │   statusCode: EVMC_SUCCESS
┃  ┃     ┃
┃  ┃     ┃ (branch)
┃  ┃     ┣━━┓ constraint: VV2_z_114b9705:Int <=Int ( VV0_x_114b9705:Int +Int VV1_y_114b9705:Int )
┃  ┃     ┃  │
┃  ┃     ┃  ├─ 36
┃  ┃     ┃  │   k: JUMPI 618 bool2Word ( VV2_z_114b9705:Int <=Int ( VV0_x_114b9705:Int +Int VV1_y_1 ...
┃  ┃     ┃  │   pc: 610
┃  ┃     ┃  │   callDepth: 1
┃  ┃     ┃  │   statusCode: EVMC_SUCCESS
┃  ┃     ┃  ┃
┃  ┃     ┃  ┃ (1 step)
┃  ┃     ┃  ┣━━┓
┃  ┃     ┃  ┃  │
┃  ┃     ┃  ┃  ├─ 78
┃  ┃     ┃  ┃  │   k: #halt ~> #return 128 32 ~> #pc [ STATICCALL ] ~> #execute ~> CONTINUATION:K
┃  ┃     ┃  ┃  │   pc: 128
┃  ┃     ┃  ┃  │   callDepth: 1
┃  ┃     ┃  ┃  │   statusCode: EVMC_SUCCESS
┃  ┃     ┃  ┃  │
┃  ┃     ┃  ┃  │  (430 steps)
┃  ┃     ┃  ┃  └─ 142 (leaf, pending)
┃  ┃     ┃  ┃      k: #checkDepthExceeded ~> #call 491460923342184218035706888008750043977755113263 49 ...
┃  ┃     ┃  ┃      pc: 279
┃  ┃     ┃  ┃      callDepth: 1
┃  ┃     ┃  ┃      statusCode: EVMC_SUCCESS
┃  ┃     ┃  ┃
┃  ┃     ┃  ┣━━┓
┃  ┃     ┃  ┃  │
┃  ┃     ┃  ┃  ├─ 79
┃  ┃     ┃  ┃  │   k: #halt ~> #return 128 32 ~> #pc [ STATICCALL ] ~> #execute ~> CONTINUATION:K
┃  ┃     ┃  ┃  │   pc: 128
┃  ┃     ┃  ┃  │   callDepth: 1
┃  ┃     ┃  ┃  │   statusCode: EVMC_SUCCESS
┃  ┃     ┃  ┃  │
┃  ┃     ┃  ┃  │  (430 steps)
┃  ┃     ┃  ┃  └─ 143 (leaf, pending)
┃  ┃     ┃  ┃      k: #checkDepthExceeded ~> #call 491460923342184218035706888008750043977755113263 49 ...
┃  ┃     ┃  ┃      pc: 279
┃  ┃     ┃  ┃      callDepth: 1
┃  ┃     ┃  ┃      statusCode: EVMC_SUCCESS
┃  ┃     ┃  ┃
┃  ┃     ┃  ┣━━┓
┃  ┃     ┃  ┃  │
┃  ┃     ┃  ┃  ├─ 80
┃  ┃     ┃  ┃  │   k: #halt ~> #return 128 32 ~> #pc [ STATICCALL ] ~> #execute ~> CONTINUATION:K
┃  ┃     ┃  ┃  │   pc: 128
┃  ┃     ┃  ┃  │   callDepth: 1
┃  ┃     ┃  ┃  │   statusCode: EVMC_SUCCESS
┃  ┃     ┃  ┃  │
┃  ┃     ┃  ┃  │  (430 steps)
┃  ┃     ┃  ┃  └─ 144 (leaf, pending)
┃  ┃     ┃  ┃      k: #checkDepthExceeded ~> #call 491460923342184218035706888008750043977755113263 49 ...
┃  ┃     ┃  ┃      pc: 279
┃  ┃     ┃  ┃      callDepth: 1
┃  ┃     ┃  ┃      statusCode: EVMC_SUCCESS
┃  ┃     ┃  ┃
┃  ┃     ┃  ┗━━┓
┃  ┃     ┃     │
┃  ┃     ┃     ├─ 81
┃  ┃     ┃     │   k: #halt ~> #return 128 32 ~> #pc [ STATICCALL ] ~> #execute ~> CONTINUATION:K
┃  ┃     ┃     │   pc: 128
┃  ┃     ┃     │   callDepth: 1
┃  ┃     ┃     │   statusCode: EVMC_SUCCESS
┃  ┃     ┃     │
┃  ┃     ┃     │  (430 steps)
┃  ┃     ┃     └─ 145 (leaf, pending)
┃  ┃     ┃         k: #checkDepthExceeded ~> #call 491460923342184218035706888008750043977755113263 49 ...
┃  ┃     ┃         pc: 279
┃  ┃     ┃         callDepth: 1
┃  ┃     ┃         statusCode: EVMC_SUCCESS
┃  ┃     ┃
┃  ┃     ┗━━┓ constraint: ( notBool VV2_z_114b9705:Int <=Int ( VV0_x_114b9705:Int +Int VV1_y_114b9705:Int ) )
┃  ┃        │
┃  ┃        ├─ 37
┃  ┃        │   k: JUMPI 618 bool2Word ( VV2_z_114b9705:Int <=Int ( VV0_x_114b9705:Int +Int VV1_y_1 ...
┃  ┃        │   pc: 610
┃  ┃        │   callDepth: 1
┃  ┃        │   statusCode: EVMC_SUCCESS
┃  ┃        ┃
┃  ┃        ┃ (1 step)
┃  ┃        ┣━━┓
┃  ┃        ┃  │
┃  ┃        ┃  ├─ 82
┃  ┃        ┃  │   k: #halt ~> #return 128 32 ~> #pc [ STATICCALL ] ~> #execute ~> CONTINUATION:K
┃  ┃        ┃  │   pc: 550
┃  ┃        ┃  │   callDepth: 1
┃  ┃        ┃  │   statusCode: EVMC_REVERT
┃  ┃        ┃  │
┃  ┃        ┃  │  (72 steps)
┃  ┃        ┃  └─ 146 (leaf, pending)
┃  ┃        ┃      k: #halt ~> CONTINUATION:K
┃  ┃        ┃      pc: 1584
┃  ┃        ┃      callDepth: 0
┃  ┃        ┃      statusCode: EVMC_REVERT
┃  ┃        ┃
┃  ┃        ┣━━┓
┃  ┃        ┃  │
┃  ┃        ┃  ├─ 83
┃  ┃        ┃  │   k: #halt ~> #return 128 32 ~> #pc [ STATICCALL ] ~> #execute ~> CONTINUATION:K
┃  ┃        ┃  │   pc: 550
┃  ┃        ┃  │   callDepth: 1
┃  ┃        ┃  │   statusCode: EVMC_REVERT
┃  ┃        ┃  │
┃  ┃        ┃  │  (72 steps)
┃  ┃        ┃  └─ 147 (leaf, pending)
┃  ┃        ┃      k: #halt ~> CONTINUATION:K
┃  ┃        ┃      pc: 1584
┃  ┃        ┃      callDepth: 0
┃  ┃        ┃      statusCode: EVMC_REVERT
┃  ┃        ┃
┃  ┃        ┣━━┓
┃  ┃        ┃  │
┃  ┃        ┃  ├─ 84
┃  ┃        ┃  │   k: #halt ~> #return 128 32 ~> #pc [ STATICCALL ] ~> #execute ~> CONTINUATION:K
┃  ┃        ┃  │   pc: 550
┃  ┃        ┃  │   callDepth: 1
┃  ┃        ┃  │   statusCode: EVMC_REVERT
┃  ┃        ┃  │
┃  ┃        ┃  │  (72 steps)
┃  ┃        ┃  └─ 148 (leaf, pending)
┃  ┃        ┃      k: #halt ~> CONTINUATION:K
┃  ┃        ┃      pc: 1584
┃  ┃        ┃      callDepth: 0
┃  ┃        ┃      statusCode: EVMC_REVERT
┃  ┃        ┃
┃  ┃        ┗━━┓
┃  ┃           │
┃  ┃           ├─ 85
┃  ┃           │   k: #halt ~> #return 128 32 ~> #pc [ STATICCALL ] ~> #execute ~> CONTINUATION:K
┃  ┃           │   pc: 550
┃  ┃           │   callDepth: 1
┃  ┃           │   statusCode: EVMC_REVERT
┃  ┃           │
┃  ┃           │  (72 steps)
┃  ┃           └─ 149 (leaf, pending)
┃  ┃               k: #halt ~> CONTINUATION:K
┃  ┃               pc: 1584
┃  ┃               callDepth: 0
┃  ┃               statusCode: EVMC_REVERT
┃  ┃
┃  ┗━━┓ constraint: ( notBool VV0_x_114b9705:Int <=Int ( maxUInt256 -Int VV1_y_114b9705:Int ) )
┃     │
┃     ├─ 11
┃     │   k: JUMPI 570 bool2Word ( VV0_x_114b9705:Int <=Int ( maxUInt256 -Int VV1_y_114b9705: ...
┃     │   pc: 562
┃     │   callDepth: 2
┃     │   statusCode: STATUSCODE:StatusCode
┃     ┃
┃     ┃ (1 step)
┃     ┣━━┓
┃     ┃  │
┃     ┃  ├─ 18
┃     ┃  │   k: #halt ~> #return 128 32 ~> #pc [ STATICCALL ] ~> #execute ~> CONTINUATION:K
┃     ┃  │   pc: 295
┃     ┃  │   callDepth: 1
┃     ┃  │   statusCode: EVMC_REVERT
┃     ┃  │
┃     ┃  │  (72 steps)
┃     ┃  └─ 38 (leaf, terminal)
┃     ┃      k: #halt ~> CONTINUATION:K
┃     ┃      pc: 1584
┃     ┃      callDepth: 0
┃     ┃      statusCode: EVMC_REVERT
┃     ┃
┃     ┣━━┓
┃     ┃  │
┃     ┃  ├─ 19
┃     ┃  │   k: #halt ~> #return 128 32 ~> #pc [ STATICCALL ] ~> #execute ~> CONTINUATION:K
┃     ┃  │   pc: 295
┃     ┃  │   callDepth: 1
┃     ┃  │   statusCode: EVMC_REVERT
┃     ┃  │
┃     ┃  │  (72 steps)
┃     ┃  └─ 39 (leaf, terminal)
┃     ┃      k: #halt ~> CONTINUATION:K
┃     ┃      pc: 1584
┃     ┃      callDepth: 0
┃     ┃      statusCode: EVMC_REVERT
┃     ┃
┃     ┣━━┓
┃     ┃  │
┃     ┃  ├─ 20
┃     ┃  │   k: #halt ~> #return 128 32 ~> #pc [ STATICCALL ] ~> #execute ~> CONTINUATION:K
┃     ┃  │   pc: 295
┃     ┃  │   callDepth: 1
┃     ┃  │   statusCode: EVMC_REVERT
┃     ┃  │
┃     ┃  │  (72 steps)
┃     ┃  └─ 40 (leaf, terminal)
┃     ┃      k: #halt ~> CONTINUATION:K
┃     ┃      pc: 1584
┃     ┃      callDepth: 0
┃     ┃      statusCode: EVMC_REVERT
┃     ┃
┃     ┗━━┓
┃        │
┃        ├─ 21
┃        │   k: #halt ~> #return 128 32 ~> #pc [ STATICCALL ] ~> #execute ~> CONTINUATION:K
┃        │   pc: 295
┃        │   callDepth: 1
┃        │   statusCode: EVMC_REVERT
┃        │
┃        │  (72 steps)
┃        └─ 41 (leaf, terminal)
┃            k: #halt ~> CONTINUATION:K
┃            pc: 1584
┃            callDepth: 0
┃            statusCode: EVMC_REVERT
┃
┗━━┓
   │
   ├─ 9 (split)
   │   k: JUMPI 570 bool2Word ( VV0_x_114b9705:Int <=Int ( maxUInt256 -Int VV1_y_114b9705: ...
   │   pc: 562
   │   callDepth: 2
   │   statusCode: STATUSCODE:StatusCode
   ┃
   ┃ (branch)
   ┣━━┓ constraint: VV0_x_114b9705:Int <=Int ( maxUInt256 -Int VV1_y_114b9705:Int )
   ┃  │
   ┃  ├─ 12
   ┃  │   k: JUMPI 570 bool2Word ( VV0_x_114b9705:Int <=Int ( maxUInt256 -Int VV1_y_114b9705: ...
   ┃  │   pc: 562
   ┃  │   callDepth: 2
   ┃  │   statusCode: STATUSCODE:StatusCode
   ┃  ┃
   ┃  ┃ (1 step)
   ┃  ┣━━┓
   ┃  ┃  │
   ┃  ┃  ├─ 22 (split)
   ┃  ┃  │   k: JUMPI 618 bool2Word ( VV2_z_114b9705:Int <=Int ( VV0_x_114b9705:Int +Int VV1_y_1 ...
   ┃  ┃  │   pc: 610
   ┃  ┃  │   callDepth: 1
   ┃  ┃  │   statusCode: EVMC_SUCCESS
   ┃  ┃  ┃
   ┃  ┃  ┃ (branch)
   ┃  ┃  ┣━━┓ constraint: VV2_z_114b9705:Int <=Int ( VV0_x_114b9705:Int +Int VV1_y_114b9705:Int )
   ┃  ┃  ┃  │
   ┃  ┃  ┃  ├─ 42
   ┃  ┃  ┃  │   k: JUMPI 618 bool2Word ( VV2_z_114b9705:Int <=Int ( VV0_x_114b9705:Int +Int VV1_y_1 ...
   ┃  ┃  ┃  │   pc: 610
   ┃  ┃  ┃  │   callDepth: 1
   ┃  ┃  ┃  │   statusCode: EVMC_SUCCESS
   ┃  ┃  ┃  ┃
   ┃  ┃  ┃  ┃ (1 step)
   ┃  ┃  ┃  ┣━━┓
   ┃  ┃  ┃  ┃  │
   ┃  ┃  ┃  ┃  ├─ 86
   ┃  ┃  ┃  ┃  │   k: #halt ~> #return 128 32 ~> #pc [ STATICCALL ] ~> #execute ~> CONTINUATION:K
   ┃  ┃  ┃  ┃  │   pc: 128
   ┃  ┃  ┃  ┃  │   callDepth: 1
   ┃  ┃  ┃  ┃  │   statusCode: EVMC_SUCCESS
   ┃  ┃  ┃  ┃  │
   ┃  ┃  ┃  ┃  │  (430 steps)
   ┃  ┃  ┃  ┃  └─ 150 (leaf, pending)
   ┃  ┃  ┃  ┃      k: #checkDepthExceeded ~> #call 491460923342184218035706888008750043977755113263 49 ...
   ┃  ┃  ┃  ┃      pc: 279
   ┃  ┃  ┃  ┃      callDepth: 1
   ┃  ┃  ┃  ┃      statusCode: EVMC_SUCCESS
   ┃  ┃  ┃  ┃
   ┃  ┃  ┃  ┣━━┓
   ┃  ┃  ┃  ┃  │
   ┃  ┃  ┃  ┃  ├─ 87
   ┃  ┃  ┃  ┃  │   k: #halt ~> #return 128 32 ~> #pc [ STATICCALL ] ~> #execute ~> CONTINUATION:K
   ┃  ┃  ┃  ┃  │   pc: 128
   ┃  ┃  ┃  ┃  │   callDepth: 1
   ┃  ┃  ┃  ┃  │   statusCode: EVMC_SUCCESS
   ┃  ┃  ┃  ┃  │
   ┃  ┃  ┃  ┃  │  (430 steps)
   ┃  ┃  ┃  ┃  └─ 151 (leaf, pending)
   ┃  ┃  ┃  ┃      k: #checkDepthExceeded ~> #call 491460923342184218035706888008750043977755113263 49 ...
   ┃  ┃  ┃  ┃      pc: 279
   ┃  ┃  ┃  ┃      callDepth: 1
   ┃  ┃  ┃  ┃      statusCode: EVMC_SUCCESS
   ┃  ┃  ┃  ┃
   ┃  ┃  ┃  ┣━━┓
   ┃  ┃  ┃  ┃  │
   ┃  ┃  ┃  ┃  ├─ 88
   ┃  ┃  ┃  ┃  │   k: #halt ~> #return 128 32 ~> #pc [ STATICCALL ] ~> #execute ~> CONTINUATION:K
   ┃  ┃  ┃  ┃  │   pc: 128
   ┃  ┃  ┃  ┃  │   callDepth: 1
   ┃  ┃  ┃  ┃  │   statusCode: EVMC_SUCCESS
   ┃  ┃  ┃  ┃  │
   ┃  ┃  ┃  ┃  │  (430 steps)
   ┃  ┃  ┃  ┃  └─ 152 (leaf, pending)
   ┃  ┃  ┃  ┃      k: #checkDepthExceeded ~> #call 491460923342184218035706888008750043977755113263 49 ...
   ┃  ┃  ┃  ┃      pc: 279
   ┃  ┃  ┃  ┃      callDepth: 1
   ┃  ┃  ┃  ┃      statusCode: EVMC_SUCCESS
   ┃  ┃  ┃  ┃
   ┃  ┃  ┃  ┗━━┓
   ┃  ┃  ┃     │
   ┃  ┃  ┃     ├─ 89
   ┃  ┃  ┃     │   k: #halt ~> #return 128 32 ~> #pc [ STATICCALL ] ~> #execute ~> CONTINUATION:K
   ┃  ┃  ┃     │   pc: 128
   ┃  ┃  ┃     │   callDepth: 1
   ┃  ┃  ┃     │   statusCode: EVMC_SUCCESS
   ┃  ┃  ┃     │
   ┃  ┃  ┃     │  (430 steps)
   ┃  ┃  ┃     └─ 153 (leaf, pending)
   ┃  ┃  ┃         k: #checkDepthExceeded ~> #call 491460923342184218035706888008750043977755113263 49 ...
   ┃  ┃  ┃         pc: 279
   ┃  ┃  ┃         callDepth: 1
   ┃  ┃  ┃         statusCode: EVMC_SUCCESS
   ┃  ┃  ┃
   ┃  ┃  ┗━━┓ constraint: ( notBool VV2_z_114b9705:Int <=Int ( VV0_x_114b9705:Int +Int VV1_y_114b9705:Int ) )
   ┃  ┃     │
   ┃  ┃     ├─ 43
   ┃  ┃     │   k: JUMPI 618 bool2Word ( VV2_z_114b9705:Int <=Int ( VV0_x_114b9705:Int +Int VV1_y_1 ...
   ┃  ┃     │   pc: 610
   ┃  ┃     │   callDepth: 1
   ┃  ┃     │   statusCode: EVMC_SUCCESS
   ┃  ┃     ┃
   ┃  ┃     ┃ (1 step)
   ┃  ┃     ┣━━┓
   ┃  ┃     ┃  │
   ┃  ┃     ┃  ├─ 90
   ┃  ┃     ┃  │   k: #halt ~> #return 128 32 ~> #pc [ STATICCALL ] ~> #execute ~> CONTINUATION:K
   ┃  ┃     ┃  │   pc: 550
   ┃  ┃     ┃  │   callDepth: 1
   ┃  ┃     ┃  │   statusCode: EVMC_REVERT
   ┃  ┃     ┃  │
   ┃  ┃     ┃  │  (72 steps)
   ┃  ┃     ┃  └─ 154 (leaf, pending)
   ┃  ┃     ┃      k: #halt ~> CONTINUATION:K
   ┃  ┃     ┃      pc: 1584
   ┃  ┃     ┃      callDepth: 0
   ┃  ┃     ┃      statusCode: EVMC_REVERT
   ┃  ┃     ┃
   ┃  ┃     ┣━━┓
   ┃  ┃     ┃  │
   ┃  ┃     ┃  ├─ 91
   ┃  ┃     ┃  │   k: #halt ~> #return 128 32 ~> #pc [ STATICCALL ] ~> #execute ~> CONTINUATION:K
   ┃  ┃     ┃  │   pc: 550
   ┃  ┃     ┃  │   callDepth: 1
   ┃  ┃     ┃  │   statusCode: EVMC_REVERT
   ┃  ┃     ┃  │
   ┃  ┃     ┃  │  (72 steps)
   ┃  ┃     ┃  └─ 155 (leaf, pending)
   ┃  ┃     ┃      k: #halt ~> CONTINUATION:K
   ┃  ┃     ┃      pc: 1584
   ┃  ┃     ┃      callDepth: 0
   ┃  ┃     ┃      statusCode: EVMC_REVERT
   ┃  ┃     ┃
   ┃  ┃     ┣━━┓
   ┃  ┃     ┃  │
   ┃  ┃     ┃  ├─ 92
   ┃  ┃     ┃  │   k: #halt ~> #return 128 32 ~> #pc [ STATICCALL ] ~> #execute ~> CONTINUATION:K
   ┃  ┃     ┃  │   pc: 550
   ┃  ┃     ┃  │   callDepth: 1
   ┃  ┃     ┃  │   statusCode: EVMC_REVERT
   ┃  ┃     ┃  │
   ┃  ┃     ┃  │  (72 steps)
   ┃  ┃     ┃  └─ 156 (leaf, pending)
   ┃  ┃     ┃      k: #halt ~> CONTINUATION:K
   ┃  ┃     ┃      pc: 1584
   ┃  ┃     ┃      callDepth: 0
   ┃  ┃     ┃      statusCode: EVMC_REVERT
   ┃  ┃     ┃
   ┃  ┃     ┗━━┓
   ┃  ┃        │
   ┃  ┃        ├─ 93
   ┃  ┃        │   k: #halt ~> #return 128 32 ~> #pc [ STATICCALL ] ~> #execute ~> CONTINUATION:K
   ┃  ┃        │   pc: 550
   ┃  ┃        │   callDepth: 1
   ┃  ┃        │   statusCode: EVMC_REVERT
   ┃  ┃        │
   ┃  ┃        │  (72 steps)
   ┃  ┃        └─ 157 (leaf, pending)
   ┃  ┃            k: #halt ~> CONTINUATION:K
   ┃  ┃            pc: 1584
   ┃  ┃            callDepth: 0
   ┃  ┃            statusCode: EVMC_REVERT
   ┃  ┃
   ┃  ┣━━┓
   ┃  ┃  │
   ┃  ┃  ├─ 23 (split)
   ┃  ┃  │   k: JUMPI 618 bool2Word ( VV2_z_114b9705:Int <=Int ( VV0_x_114b9705:Int +Int VV1_y_1 ...
   ┃  ┃  │   pc: 610
   ┃  ┃  │   callDepth: 1
   ┃  ┃  │   statusCode: EVMC_SUCCESS
   ┃  ┃  ┃
   ┃  ┃  ┃ (branch)
   ┃  ┃  ┣━━┓ constraint: VV2_z_114b9705:Int <=Int ( VV0_x_114b9705:Int +Int VV1_y_114b9705:Int )
   ┃  ┃  ┃  │
   ┃  ┃  ┃  ├─ 44
   ┃  ┃  ┃  │   k: JUMPI 618 bool2Word ( VV2_z_114b9705:Int <=Int ( VV0_x_114b9705:Int +Int VV1_y_1 ...
   ┃  ┃  ┃  │   pc: 610
   ┃  ┃  ┃  │   callDepth: 1
   ┃  ┃  ┃  │   statusCode: EVMC_SUCCESS
   ┃  ┃  ┃  ┃
   ┃  ┃  ┃  ┃ (1 step)
   ┃  ┃  ┃  ┣━━┓
   ┃  ┃  ┃  ┃  │
   ┃  ┃  ┃  ┃  ├─ 94
   ┃  ┃  ┃  ┃  │   k: #halt ~> #return 128 32 ~> #pc [ STATICCALL ] ~> #execute ~> CONTINUATION:K
   ┃  ┃  ┃  ┃  │   pc: 128
   ┃  ┃  ┃  ┃  │   callDepth: 1
   ┃  ┃  ┃  ┃  │   statusCode: EVMC_SUCCESS
   ┃  ┃  ┃  ┃  │
   ┃  ┃  ┃  ┃  │  (430 steps)
   ┃  ┃  ┃  ┃  └─ 158 (leaf, pending)
   ┃  ┃  ┃  ┃      k: #checkDepthExceeded ~> #call 491460923342184218035706888008750043977755113263 49 ...
   ┃  ┃  ┃  ┃      pc: 279
   ┃  ┃  ┃  ┃      callDepth: 1
   ┃  ┃  ┃  ┃      statusCode: EVMC_SUCCESS
   ┃  ┃  ┃  ┃
   ┃  ┃  ┃  ┣━━┓
   ┃  ┃  ┃  ┃  │
   ┃  ┃  ┃  ┃  ├─ 95
   ┃  ┃  ┃  ┃  │   k: #halt ~> #return 128 32 ~> #pc [ STATICCALL ] ~> #execute ~> CONTINUATION:K
   ┃  ┃  ┃  ┃  │   pc: 128
   ┃  ┃  ┃  ┃  │   callDepth: 1
   ┃  ┃  ┃  ┃  │   statusCode: EVMC_SUCCESS
   ┃  ┃  ┃  ┃  │
   ┃  ┃  ┃  ┃  │  (430 steps)
   ┃  ┃  ┃  ┃  └─ 159 (leaf, pending)
   ┃  ┃  ┃  ┃      k: #checkDepthExceeded ~> #call 491460923342184218035706888008750043977755113263 49 ...
   ┃  ┃  ┃  ┃      pc: 279
   ┃  ┃  ┃  ┃      callDepth: 1
   ┃  ┃  ┃  ┃      statusCode: EVMC_SUCCESS
   ┃  ┃  ┃  ┃
   ┃  ┃  ┃  ┣━━┓
   ┃  ┃  ┃  ┃  │
   ┃  ┃  ┃  ┃  ├─ 96
   ┃  ┃  ┃  ┃  │   k: #halt ~> #return 128 32 ~> #pc [ STATICCALL ] ~> #execute ~> CONTINUATION:K
   ┃  ┃  ┃  ┃  │   pc: 128
   ┃  ┃  ┃  ┃  │   callDepth: 1
   ┃  ┃  ┃  ┃  │   statusCode: EVMC_SUCCESS
   ┃  ┃  ┃  ┃  │
   ┃  ┃  ┃  ┃  │  (430 steps)
   ┃  ┃  ┃  ┃  └─ 160 (leaf, pending)
   ┃  ┃  ┃  ┃      k: #checkDepthExceeded ~> #call 491460923342184218035706888008750043977755113263 49 ...
   ┃  ┃  ┃  ┃      pc: 279
   ┃  ┃  ┃  ┃      callDepth: 1
   ┃  ┃  ┃  ┃      statusCode: EVMC_SUCCESS
   ┃  ┃  ┃  ┃
   ┃  ┃  ┃  ┗━━┓
   ┃  ┃  ┃     │
   ┃  ┃  ┃     ├─ 97
   ┃  ┃  ┃     │   k: #halt ~> #return 128 32 ~> #pc [ STATICCALL ] ~> #execute ~> CONTINUATION:K
   ┃  ┃  ┃     │   pc: 128
   ┃  ┃  ┃     │   callDepth: 1
   ┃  ┃  ┃     │   statusCode: EVMC_SUCCESS
   ┃  ┃  ┃     │
   ┃  ┃  ┃     │  (430 steps)
   ┃  ┃  ┃     └─ 161 (leaf, pending)
   ┃  ┃  ┃         k: #checkDepthExceeded ~> #call 491460923342184218035706888008750043977755113263 49 ...
   ┃  ┃  ┃         pc: 279
   ┃  ┃  ┃         callDepth: 1
   ┃  ┃  ┃         statusCode: EVMC_SUCCESS
   ┃  ┃  ┃
   ┃  ┃  ┗━━┓ constraint: ( notBool VV2_z_114b9705:Int <=Int ( VV0_x_114b9705:Int +Int VV1_y_114b9705:Int ) )
   ┃  ┃     │
   ┃  ┃     ├─ 45
   ┃  ┃     │   k: JUMPI 618 bool2Word ( VV2_z_114b9705:Int <=Int ( VV0_x_114b9705:Int +Int VV1_y_1 ...
   ┃  ┃     │   pc: 610
   ┃  ┃     │   callDepth: 1
   ┃  ┃     │   statusCode: EVMC_SUCCESS
   ┃  ┃     ┃
   ┃  ┃     ┃ (1 step)
   ┃  ┃     ┣━━┓
   ┃  ┃     ┃  │
   ┃  ┃     ┃  ├─ 98
   ┃  ┃     ┃  │   k: #halt ~> #return 128 32 ~> #pc [ STATICCALL ] ~> #execute ~> CONTINUATION:K
   ┃  ┃     ┃  │   pc: 550
   ┃  ┃     ┃  │   callDepth: 1
   ┃  ┃     ┃  │   statusCode: EVMC_REVERT
   ┃  ┃     ┃  │
   ┃  ┃     ┃  │  (72 steps)
   ┃  ┃     ┃  └─ 162 (leaf, pending)
   ┃  ┃     ┃      k: #halt ~> CONTINUATION:K
   ┃  ┃     ┃      pc: 1584
   ┃  ┃     ┃      callDepth: 0
   ┃  ┃     ┃      statusCode: EVMC_REVERT
   ┃  ┃     ┃
   ┃  ┃     ┣━━┓
   ┃  ┃     ┃  │
   ┃  ┃     ┃  ├─ 99
   ┃  ┃     ┃  │   k: #halt ~> #return 128 32 ~> #pc [ STATICCALL ] ~> #execute ~> CONTINUATION:K
   ┃  ┃     ┃  │   pc: 550
   ┃  ┃     ┃  │   callDepth: 1
   ┃  ┃     ┃  │   statusCode: EVMC_REVERT
   ┃  ┃     ┃  │
   ┃  ┃     ┃  │  (72 steps)
   ┃  ┃     ┃  └─ 163 (leaf, pending)
   ┃  ┃     ┃      k: #halt ~> CONTINUATION:K
   ┃  ┃     ┃      pc: 1584
   ┃  ┃     ┃      callDepth: 0
   ┃  ┃     ┃      statusCode: EVMC_REVERT
   ┃  ┃     ┃
   ┃  ┃     ┣━━┓
   ┃  ┃     ┃  │
   ┃  ┃     ┃  ├─ 100
   ┃  ┃     ┃  │   k: #halt ~> #return 128 32 ~> #pc [ STATICCALL ] ~> #execute ~> CONTINUATION:K
   ┃  ┃     ┃  │   pc: 550
   ┃  ┃     ┃  │   callDepth: 1
   ┃  ┃     ┃  │   statusCode: EVMC_REVERT
   ┃  ┃     ┃  │
   ┃  ┃     ┃  │  (72 steps)
   ┃  ┃     ┃  └─ 164 (leaf, pending)
   ┃  ┃     ┃      k: #halt ~> CONTINUATION:K
   ┃  ┃     ┃      pc: 1584
   ┃  ┃     ┃      callDepth: 0
   ┃  ┃     ┃      statusCode: EVMC_REVERT
   ┃  ┃     ┃
   ┃  ┃     ┗━━┓
   ┃  ┃        │
   ┃  ┃        ├─ 101
   ┃  ┃        │   k: #halt ~> #return 128 32 ~> #pc [ STATICCALL ] ~> #execute ~> CONTINUATION:K
   ┃  ┃        │   pc: 550
   ┃  ┃        │   callDepth: 1
   ┃  ┃        │   statusCode: EVMC_REVERT
   ┃  ┃        │
   ┃  ┃        │  (72 steps)
   ┃  ┃        └─ 165 (leaf, pending)
   ┃  ┃            k: #halt ~> CONTINUATION:K
   ┃  ┃            pc: 1584
   ┃  ┃            callDepth: 0
   ┃  ┃            statusCode: EVMC_REVERT
   ┃  ┃
   ┃  ┣━━┓
   ┃  ┃  │
   ┃  ┃  ├─ 24 (split)
   ┃  ┃  │   k: JUMPI 618 bool2Word ( VV2_z_114b9705:Int <=Int ( VV0_x_114b9705:Int +Int VV1_y_1 ...
   ┃  ┃  │   pc: 610
   ┃  ┃  │   callDepth: 1
   ┃  ┃  │   statusCode: EVMC_SUCCESS
   ┃  ┃  ┃
   ┃  ┃  ┃ (branch)
   ┃  ┃  ┣━━┓ constraint: VV2_z_114b9705:Int <=Int ( VV0_x_114b9705:Int +Int VV1_y_114b9705:Int )
   ┃  ┃  ┃  │
   ┃  ┃  ┃  ├─ 46
   ┃  ┃  ┃  │   k: JUMPI 618 bool2Word ( VV2_z_114b9705:Int <=Int ( VV0_x_114b9705:Int +Int VV1_y_1 ...
   ┃  ┃  ┃  │   pc: 610
   ┃  ┃  ┃  │   callDepth: 1
   ┃  ┃  ┃  │   statusCode: EVMC_SUCCESS
   ┃  ┃  ┃  ┃
   ┃  ┃  ┃  ┃ (1 step)
   ┃  ┃  ┃  ┣━━┓
   ┃  ┃  ┃  ┃  │
   ┃  ┃  ┃  ┃  ├─ 102
   ┃  ┃  ┃  ┃  │   k: #halt ~> #return 128 32 ~> #pc [ STATICCALL ] ~> #execute ~> CONTINUATION:K
   ┃  ┃  ┃  ┃  │   pc: 128
   ┃  ┃  ┃  ┃  │   callDepth: 1
   ┃  ┃  ┃  ┃  │   statusCode: EVMC_SUCCESS
   ┃  ┃  ┃  ┃  │
   ┃  ┃  ┃  ┃  │  (430 steps)
   ┃  ┃  ┃  ┃  └─ 166 (leaf, pending)
   ┃  ┃  ┃  ┃      k: #checkDepthExceeded ~> #call 491460923342184218035706888008750043977755113263 49 ...
   ┃  ┃  ┃  ┃      pc: 279
   ┃  ┃  ┃  ┃      callDepth: 1
   ┃  ┃  ┃  ┃      statusCode: EVMC_SUCCESS
   ┃  ┃  ┃  ┃
   ┃  ┃  ┃  ┣━━┓
   ┃  ┃  ┃  ┃  │
   ┃  ┃  ┃  ┃  ├─ 103
   ┃  ┃  ┃  ┃  │   k: #halt ~> #return 128 32 ~> #pc [ STATICCALL ] ~> #execute ~> CONTINUATION:K
   ┃  ┃  ┃  ┃  │   pc: 128
   ┃  ┃  ┃  ┃  │   callDepth: 1
   ┃  ┃  ┃  ┃  │   statusCode: EVMC_SUCCESS
   ┃  ┃  ┃  ┃  │
   ┃  ┃  ┃  ┃  │  (430 steps)
   ┃  ┃  ┃  ┃  └─ 167 (leaf, pending)
   ┃  ┃  ┃  ┃      k: #checkDepthExceeded ~> #call 491460923342184218035706888008750043977755113263 49 ...
   ┃  ┃  ┃  ┃      pc: 279
   ┃  ┃  ┃  ┃      callDepth: 1
   ┃  ┃  ┃  ┃      statusCode: EVMC_SUCCESS
   ┃  ┃  ┃  ┃
   ┃  ┃  ┃  ┣━━┓
   ┃  ┃  ┃  ┃  │
   ┃  ┃  ┃  ┃  ├─ 104
   ┃  ┃  ┃  ┃  │   k: #halt ~> #return 128 32 ~> #pc [ STATICCALL ] ~> #execute ~> CONTINUATION:K
   ┃  ┃  ┃  ┃  │   pc: 128
   ┃  ┃  ┃  ┃  │   callDepth: 1
   ┃  ┃  ┃  ┃  │   statusCode: EVMC_SUCCESS
   ┃  ┃  ┃  ┃  │
   ┃  ┃  ┃  ┃  │  (430 steps)
   ┃  ┃  ┃  ┃  └─ 168 (leaf, pending)
   ┃  ┃  ┃  ┃      k: #checkDepthExceeded ~> #call 491460923342184218035706888008750043977755113263 49 ...
   ┃  ┃  ┃  ┃      pc: 279
   ┃  ┃  ┃  ┃      callDepth: 1
   ┃  ┃  ┃  ┃      statusCode: EVMC_SUCCESS
   ┃  ┃  ┃  ┃
   ┃  ┃  ┃  ┗━━┓
   ┃  ┃  ┃     │
   ┃  ┃  ┃     ├─ 105
   ┃  ┃  ┃     │   k: #halt ~> #return 128 32 ~> #pc [ STATICCALL ] ~> #execute ~> CONTINUATION:K
   ┃  ┃  ┃     │   pc: 128
   ┃  ┃  ┃     │   callDepth: 1
   ┃  ┃  ┃     │   statusCode: EVMC_SUCCESS
   ┃  ┃  ┃     │
   ┃  ┃  ┃     │  (430 steps)
   ┃  ┃  ┃     └─ 169 (leaf, pending)
   ┃  ┃  ┃         k: #checkDepthExceeded ~> #call 491460923342184218035706888008750043977755113263 49 ...
   ┃  ┃  ┃         pc: 279
   ┃  ┃  ┃         callDepth: 1
   ┃  ┃  ┃         statusCode: EVMC_SUCCESS
   ┃  ┃  ┃
   ┃  ┃  ┗━━┓ constraint: ( notBool VV2_z_114b9705:Int <=Int ( VV0_x_114b9705:Int +Int VV1_y_114b9705:Int ) )
   ┃  ┃     │
   ┃  ┃     ├─ 47
   ┃  ┃     │   k: JUMPI 618 bool2Word ( VV2_z_114b9705:Int <=Int ( VV0_x_114b9705:Int +Int VV1_y_1 ...
   ┃  ┃     │   pc: 610
   ┃  ┃     │   callDepth: 1
   ┃  ┃     │   statusCode: EVMC_SUCCESS
   ┃  ┃     ┃
   ┃  ┃     ┃ (1 step)
   ┃  ┃     ┣━━┓
   ┃  ┃     ┃  │
   ┃  ┃     ┃  └─ 106 (leaf, pending)
   ┃  ┃     ┃      k: #halt ~> #return 128 32 ~> #pc [ STATICCALL ] ~> #execute ~> CONTINUATION:K
   ┃  ┃     ┃      pc: 550
   ┃  ┃     ┃      callDepth: 1
   ┃  ┃     ┃      statusCode: EVMC_REVERT
   ┃  ┃     ┃
   ┃  ┃     ┣━━┓
   ┃  ┃     ┃  │
   ┃  ┃     ┃  └─ 107 (leaf, pending)
   ┃  ┃     ┃      k: #halt ~> #return 128 32 ~> #pc [ STATICCALL ] ~> #execute ~> CONTINUATION:K
   ┃  ┃     ┃      pc: 550
   ┃  ┃     ┃      callDepth: 1
   ┃  ┃     ┃      statusCode: EVMC_REVERT
   ┃  ┃     ┃
   ┃  ┃     ┣━━┓
   ┃  ┃     ┃  │
   ┃  ┃     ┃  └─ 108 (leaf, pending)
   ┃  ┃     ┃      k: #halt ~> #return 128 32 ~> #pc [ STATICCALL ] ~> #execute ~> CONTINUATION:K
   ┃  ┃     ┃      pc: 550
   ┃  ┃     ┃      callDepth: 1
   ┃  ┃     ┃      statusCode: EVMC_REVERT
   ┃  ┃     ┃
   ┃  ┃     ┗━━┓
   ┃  ┃        │
   ┃  ┃        └─ 109 (leaf, pending)
   ┃  ┃            k: #halt ~> #return 128 32 ~> #pc [ STATICCALL ] ~> #execute ~> CONTINUATION:K
   ┃  ┃            pc: 550
   ┃  ┃            callDepth: 1
   ┃  ┃            statusCode: EVMC_REVERT
   ┃  ┃
   ┃  ┗━━┓
   ┃     │
   ┃     ├─ 25 (split)
   ┃     │   k: JUMPI 618 bool2Word ( VV2_z_114b9705:Int <=Int ( VV0_x_114b9705:Int +Int VV1_y_1 ...
   ┃     │   pc: 610
   ┃     │   callDepth: 1
   ┃     │   statusCode: EVMC_SUCCESS
   ┃     ┃
   ┃     ┃ (branch)
   ┃     ┣━━┓ constraint: VV2_z_114b9705:Int <=Int ( VV0_x_114b9705:Int +Int VV1_y_114b9705:Int )
   ┃     ┃  │
   ┃     ┃  ├─ 48
   ┃     ┃  │   k: JUMPI 618 bool2Word ( VV2_z_114b9705:Int <=Int ( VV0_x_114b9705:Int +Int VV1_y_1 ...
   ┃     ┃  │   pc: 610
   ┃     ┃  │   callDepth: 1
   ┃     ┃  │   statusCode: EVMC_SUCCESS
   ┃     ┃  ┃
   ┃     ┃  ┃ (1 step)
   ┃     ┃  ┣━━┓
   ┃     ┃  ┃  │
   ┃     ┃  ┃  └─ 110 (leaf, pending)
   ┃     ┃  ┃      k: #halt ~> #return 128 32 ~> #pc [ STATICCALL ] ~> #execute ~> CONTINUATION:K
   ┃     ┃  ┃      pc: 128
   ┃     ┃  ┃      callDepth: 1
   ┃     ┃  ┃      statusCode: EVMC_SUCCESS
   ┃     ┃  ┃
   ┃     ┃  ┣━━┓
   ┃     ┃  ┃  │
   ┃     ┃  ┃  └─ 111 (leaf, pending)
   ┃     ┃  ┃      k: #halt ~> #return 128 32 ~> #pc [ STATICCALL ] ~> #execute ~> CONTINUATION:K
   ┃     ┃  ┃      pc: 128
   ┃     ┃  ┃      callDepth: 1
   ┃     ┃  ┃      statusCode: EVMC_SUCCESS
   ┃     ┃  ┃
   ┃     ┃  ┣━━┓
   ┃     ┃  ┃  │
   ┃     ┃  ┃  └─ 112 (leaf, pending)
   ┃     ┃  ┃      k: #halt ~> #return 128 32 ~> #pc [ STATICCALL ] ~> #execute ~> CONTINUATION:K
   ┃     ┃  ┃      pc: 128
   ┃     ┃  ┃      callDepth: 1
   ┃     ┃  ┃      statusCode: EVMC_SUCCESS
   ┃     ┃  ┃
   ┃     ┃  ┗━━┓
   ┃     ┃     │
   ┃     ┃     └─ 113 (leaf, pending)
   ┃     ┃         k: #halt ~> #return 128 32 ~> #pc [ STATICCALL ] ~> #execute ~> CONTINUATION:K
   ┃     ┃         pc: 128
   ┃     ┃         callDepth: 1
   ┃     ┃         statusCode: EVMC_SUCCESS
   ┃     ┃
   ┃     ┗━━┓ constraint: ( notBool VV2_z_114b9705:Int <=Int ( VV0_x_114b9705:Int +Int VV1_y_114b9705:Int ) )
   ┃        │
   ┃        ├─ 49
   ┃        │   k: JUMPI 618 bool2Word ( VV2_z_114b9705:Int <=Int ( VV0_x_114b9705:Int +Int VV1_y_1 ...
   ┃        │   pc: 610
   ┃        │   callDepth: 1
   ┃        │   statusCode: EVMC_SUCCESS
   ┃        ┃
   ┃        ┃ (1 step)
   ┃        ┣━━┓
   ┃        ┃  │
   ┃        ┃  └─ 114 (leaf, pending)
   ┃        ┃      k: #halt ~> #return 128 32 ~> #pc [ STATICCALL ] ~> #execute ~> CONTINUATION:K
   ┃        ┃      pc: 550
   ┃        ┃      callDepth: 1
   ┃        ┃      statusCode: EVMC_REVERT
   ┃        ┃
   ┃        ┣━━┓
   ┃        ┃  │
   ┃        ┃  └─ 115 (leaf, pending)
   ┃        ┃      k: #halt ~> #return 128 32 ~> #pc [ STATICCALL ] ~> #execute ~> CONTINUATION:K
   ┃        ┃      pc: 550
   ┃        ┃      callDepth: 1
   ┃        ┃      statusCode: EVMC_REVERT
   ┃        ┃
   ┃        ┣━━┓
   ┃        ┃  │
   ┃        ┃  └─ 116 (leaf, pending)
   ┃        ┃      k: #halt ~> #return 128 32 ~> #pc [ STATICCALL ] ~> #execute ~> CONTINUATION:K
   ┃        ┃      pc: 550
   ┃        ┃      callDepth: 1
   ┃        ┃      statusCode: EVMC_REVERT
   ┃        ┃
   ┃        ┗━━┓
   ┃           │
   ┃           └─ 117 (leaf, pending)
   ┃               k: #halt ~> #return 128 32 ~> #pc [ STATICCALL ] ~> #execute ~> CONTINUATION:K
   ┃               pc: 550
   ┃               callDepth: 1
   ┃               statusCode: EVMC_REVERT
   ┃
   ┗━━┓ constraint: ( notBool VV0_x_114b9705:Int <=Int ( maxUInt256 -Int VV1_y_114b9705:Int ) )
      │
      ├─ 13
      │   k: JUMPI 570 bool2Word ( VV0_x_114b9705:Int <=Int ( maxUInt256 -Int VV1_y_114b9705: ...
      │   pc: 562
      │   callDepth: 2
      │   statusCode: STATUSCODE:StatusCode
      ┃
      ┃ (1 step)
      ┣━━┓
      ┃  │
      ┃  ├─ 26
      ┃  │   k: #halt ~> #return 128 32 ~> #pc [ STATICCALL ] ~> #execute ~> CONTINUATION:K
      ┃  │   pc: 295
      ┃  │   callDepth: 1
      ┃  │   statusCode: EVMC_REVERT
      ┃  │
      ┃  │  (72 steps)
      ┃  └─ 50 (leaf, terminal)
      ┃      k: #halt ~> CONTINUATION:K
      ┃      pc: 1584
      ┃      callDepth: 0
      ┃      statusCode: EVMC_REVERT
      ┃
      ┣━━┓
      ┃  │
      ┃  ├─ 27
      ┃  │   k: #halt ~> #return 128 32 ~> #pc [ STATICCALL ] ~> #execute ~> CONTINUATION:K
      ┃  │   pc: 295
      ┃  │   callDepth: 1
      ┃  │   statusCode: EVMC_REVERT
      ┃  │
      ┃  │  (72 steps)
      ┃  └─ 51 (leaf, terminal)
      ┃      k: #halt ~> CONTINUATION:K
      ┃      pc: 1584
      ┃      callDepth: 0
      ┃      statusCode: EVMC_REVERT
      ┃
      ┣━━┓
      ┃  │
      ┃  ├─ 28
      ┃  │   k: #halt ~> #return 128 32 ~> #pc [ STATICCALL ] ~> #execute ~> CONTINUATION:K
      ┃  │   pc: 295
      ┃  │   callDepth: 1
      ┃  │   statusCode: EVMC_REVERT
      ┃  │
      ┃  │  (72 steps)
      ┃  └─ 52 (leaf, terminal)
      ┃      k: #halt ~> CONTINUATION:K
      ┃      pc: 1584
      ┃      callDepth: 0
      ┃      statusCode: EVMC_REVERT
      ┃
      ┗━━┓
         │
         ├─ 29
         │   k: #halt ~> #return 128 32 ~> #pc [ STATICCALL ] ~> #execute ~> CONTINUATION:K
         │   pc: 295
         │   callDepth: 1
         │   statusCode: EVMC_REVERT
         │
         │  (72 steps)
         └─ 53 (leaf, terminal)
             k: #halt ~> CONTINUATION:K
             pc: 1584
             callDepth: 0
             statusCode: EVMC_REVERT


┌─ 6 (root, leaf, target, terminal)
│   k: #halt ~> CONTINUATION:K
│   pc: PC_CELL_5d410f2a:Int
│   callDepth: CALLDEPTH_CELL_5d410f2a:Int
│   statusCode: STATUSCODE_FINAL:StatusCode


