
┌─ 1 (root, init)
│   k: #execute ~> CONTINUATION:K
│   pc: 0
│   callDepth: 0
│   statusCode: STATUSCODE:StatusCode
│   src: test/CSE.t.sol:9:34
│
│  (383 steps)
├─ 3
│   k: #halt ~> #codeDeposit 491460923342184218035706888008750043977755113263 ~> #pc [  ...
│   pc: 30
│   callDepth: 1
│   statusCode: EVMC_SUCCESS
│   src: test/CSE.t.sol:9:34
│
│  (330 steps)
├─ 4
│   k: #halt ~> #codeDeposit 263400868551549723330807389252719309078400616203 ~> #pc [  ...
│   pc: 29
│   callDepth: 1
│   statusCode: EVMC_SUCCESS
│   src: test/CSE.t.sol:9:34
│
│  (330 steps)
├─ 5
│   k: #halt ~> #codeDeposit 1405310203571408291950365054053061012934685786634 ~> #pc [ ...
│   pc: 30
│   callDepth: 1
│   statusCode: EVMC_SUCCESS
│   src: test/CSE.t.sol:9:34
│
│  (163 steps)
├─ 6 (terminal)
│   k: #halt ~> CONTINUATION:K
│   pc: 248
│   callDepth: 0
│   statusCode: EVMC_SUCCESS
│   src: lib/forge-std/lib/ds-test/src/test.sol:37:38
│
│  (1 step)
├─ 7
│   k: #execute ~> CONTINUATION:K
│   pc: 0
│   callDepth: 0
│   statusCode: STATUSCODE:StatusCode
│   src: test/CSE.t.sol:9:34
│
│  (373 steps)
├─ 9 (split)
│   k: JUMPI 2880 bool2Word ( pow64 <=Int VV0_x_114b9705:Int ) ~> #pc [ JUMPI ] ~> #exe ...
│   pc: 2871
│   callDepth: 0
│   statusCode: STATUSCODE:StatusCode
┃
┃ (branch)
┣━━┓ constraint: { true #Equals pow64 <=Int VV0_x_114b9705:Int }
┃  │
┃  ├─ 10
┃  │   k: JUMPI 2880 bool2Word ( pow64 <=Int VV0_x_114b9705:Int ) ~> #pc [ JUMPI ] ~> #exe ...
┃  │   pc: 2871
┃  │   callDepth: 0
┃  │   statusCode: STATUSCODE:StatusCode
┃  │
┃  │  (193 steps)
┃  └─ 12 (vacuous, leaf)
┃      k: #assume ( VV0_x_114b9705:Int <Int pow64 ) ~> #return_foundry 128 0 ~> #pc [ STAT ...
┃      pc: 2939
┃      callDepth: 0
┃      statusCode: STATUSCODE:StatusCode
┃
┗━━┓ constraint: { true #Equals ( notBool pow64 <=Int VV0_x_114b9705:Int ) }
   │
   ├─ 11
   │   k: JUMPI 2880 bool2Word ( pow64 <=Int VV0_x_114b9705:Int ) ~> #pc [ JUMPI ] ~> #exe ...
   │   pc: 2871
   │   callDepth: 0
   │   statusCode: STATUSCODE:StatusCode
   │
   │  (800 steps)
   ├─ 13
   │   k: #checkDepthExceeded ~> #call 491460923342184218035706888008750043977755113263 49 ...
   │   pc: 148
   │   callDepth: 1
   │   statusCode: STATUSCODE:StatusCode
   │   src: lib/forge-std/src/StdInvariant.sol:79:82
   ┃
   ┃ (1 step)
   ┣━━┓
   ┃  │
   ┃  ├─ 14
   ┃  │   k: #halt ~> #return 128 32 ~> #pc [ STATICCALL ] ~> #execute ~> CONTINUATION:K
   ┃  │   pc: 87
   ┃  │   callDepth: 1
   ┃  │   statusCode: EVMC_SUCCESS
   ┃  │   src: test/CSE.t.sol:9:34
   ┃  │
   ┃  │  (755 steps)
   ┃  ├─ 16
   ┃  │   k: #checkDepthExceeded ~> #call 491460923342184218035706888008750043977755113263 49 ...
   ┃  │   pc: 148
   ┃  │   callDepth: 1
   ┃  │   statusCode: EVMC_SUCCESS
   ┃  │   src: lib/forge-std/src/StdInvariant.sol:79:82
   ┃  ┃
   ┃  ┃ (1 step)
   ┃  ┣━━┓
   ┃  ┃  │
   ┃  ┃  ├─ 18
   ┃  ┃  │   k: #halt ~> #return 160 32 ~> #pc [ STATICCALL ] ~> #execute ~> CONTINUATION:K
   ┃  ┃  │   pc: 87
   ┃  ┃  │   callDepth: 1
   ┃  ┃  │   statusCode: EVMC_SUCCESS
   ┃  ┃  │   src: test/CSE.t.sol:9:34
   ┃  ┃  │
   ┃  ┃  │  (755 steps)
   ┃  ┃  ├─ 22
   ┃  ┃  │   k: #checkDepthExceeded ~> #call 491460923342184218035706888008750043977755113263 49 ...
   ┃  ┃  │   pc: 148
   ┃  ┃  │   callDepth: 1
   ┃  ┃  │   statusCode: EVMC_SUCCESS
   ┃  ┃  │   src: lib/forge-std/src/StdInvariant.sol:79:82
   ┃  ┃  ┃
   ┃  ┃  ┃ (1 step)
   ┃  ┃  ┣━━┓
   ┃  ┃  ┃  │
   ┃  ┃  ┃  ├─ 26
   ┃  ┃  ┃  │   k: #halt ~> #return 192 32 ~> #pc [ STATICCALL ] ~> #execute ~> CONTINUATION:K
   ┃  ┃  ┃  │   pc: 87
   ┃  ┃  ┃  │   callDepth: 1
   ┃  ┃  ┃  │   statusCode: EVMC_SUCCESS
   ┃  ┃  ┃  │   src: test/CSE.t.sol:9:34
   ┃  ┃  ┃  │
   ┃  ┃  ┃  │  (725 steps)
   ┃  ┃  ┃  ├─ 34 (terminal)
   ┃  ┃  ┃  │   k: #halt ~> CONTINUATION:K
   ┃  ┃  ┃  │   pc: 248
   ┃  ┃  ┃  │   callDepth: 0
   ┃  ┃  ┃  │   statusCode: EVMC_SUCCESS
   ┃  ┃  ┃  │   src: lib/forge-std/lib/ds-test/src/test.sol:37:38
   ┃  ┃  ┃  │
   ┃  ┃  ┃  ┊  constraint: true
   ┃  ┃  ┃  ┊  subst: OMITTED SUBST
   ┃  ┃  ┃  └─ 8 (leaf, target, terminal)
   ┃  ┃  ┃      k: #halt ~> CONTINUATION:K
   ┃  ┃  ┃      pc: PC_CELL_5d410f2a:Int
   ┃  ┃  ┃      callDepth: CALLDEPTH_CELL_5d410f2a:Int
   ┃  ┃  ┃      statusCode: STATUSCODE_FINAL:StatusCode
   ┃  ┃  ┃
   ┃  ┃  ┗━━┓
   ┃  ┃     │
   ┃  ┃     ├─ 27
   ┃  ┃     │   k: #halt ~> #return 192 32 ~> #pc [ STATICCALL ] ~> #execute ~> CONTINUATION:K
   ┃  ┃     │   pc: 87
   ┃  ┃     │   callDepth: 1
   ┃  ┃     │   statusCode: EVMC_SUCCESS
   ┃  ┃     │   src: test/CSE.t.sol:9:34
   ┃  ┃     │
   ┃  ┃     │  (725 steps)
   ┃  ┃     ├─ 35 (terminal)
   ┃  ┃     │   k: #halt ~> CONTINUATION:K
   ┃  ┃     │   pc: 248
   ┃  ┃     │   callDepth: 0
   ┃  ┃     │   statusCode: EVMC_SUCCESS
   ┃  ┃     │   src: lib/forge-std/lib/ds-test/src/test.sol:37:38
   ┃  ┃     │
   ┃  ┃     ┊  constraint: true
   ┃  ┃     ┊  subst: OMITTED SUBST
   ┃  ┃     └─ 8 (leaf, target, terminal)
   ┃  ┃         k: #halt ~> CONTINUATION:K
   ┃  ┃         pc: PC_CELL_5d410f2a:Int
   ┃  ┃         callDepth: CALLDEPTH_CELL_5d410f2a:Int
   ┃  ┃         statusCode: STATUSCODE_FINAL:StatusCode
   ┃  ┃
   ┃  ┗━━┓
   ┃     │
   ┃     ├─ 19
   ┃     │   k: #halt ~> #return 160 32 ~> #pc [ STATICCALL ] ~> #execute ~> CONTINUATION:K
   ┃     │   pc: 87
   ┃     │   callDepth: 1
   ┃     │   statusCode: EVMC_SUCCESS
   ┃     │   src: test/CSE.t.sol:9:34
   ┃     │
   ┃     │  (755 steps)
   ┃     ├─ 23
   ┃     │   k: #checkDepthExceeded ~> #call 491460923342184218035706888008750043977755113263 49 ...
   ┃     │   pc: 148
   ┃     │   callDepth: 1
   ┃     │   statusCode: EVMC_SUCCESS
   ┃     │   src: lib/forge-std/src/StdInvariant.sol:79:82
   ┃     ┃
   ┃     ┃ (1 step)
   ┃     ┣━━┓
   ┃     ┃  │
   ┃     ┃  ├─ 28
   ┃     ┃  │   k: #halt ~> #return 192 32 ~> #pc [ STATICCALL ] ~> #execute ~> CONTINUATION:K
   ┃     ┃  │   pc: 87
   ┃     ┃  │   callDepth: 1
   ┃     ┃  │   statusCode: EVMC_SUCCESS
   ┃     ┃  │   src: test/CSE.t.sol:9:34
   ┃     ┃  │
   ┃     ┃  │  (725 steps)
   ┃     ┃  ├─ 36 (terminal)
   ┃     ┃  │   k: #halt ~> CONTINUATION:K
   ┃     ┃  │   pc: 248
   ┃     ┃  │   callDepth: 0
   ┃     ┃  │   statusCode: EVMC_SUCCESS
   ┃     ┃  │   src: lib/forge-std/lib/ds-test/src/test.sol:37:38
   ┃     ┃  │
   ┃     ┃  ┊  constraint: true
   ┃     ┃  ┊  subst: OMITTED SUBST
   ┃     ┃  └─ 8 (leaf, target, terminal)
   ┃     ┃      k: #halt ~> CONTINUATION:K
   ┃     ┃      pc: PC_CELL_5d410f2a:Int
   ┃     ┃      callDepth: CALLDEPTH_CELL_5d410f2a:Int
   ┃     ┃      statusCode: STATUSCODE_FINAL:StatusCode
   ┃     ┃
   ┃     ┗━━┓
   ┃        │
   ┃        ├─ 29
   ┃        │   k: #halt ~> #return 192 32 ~> #pc [ STATICCALL ] ~> #execute ~> CONTINUATION:K
   ┃        │   pc: 87
   ┃        │   callDepth: 1
   ┃        │   statusCode: EVMC_SUCCESS
   ┃        │   src: test/CSE.t.sol:9:34
   ┃        │
   ┃        │  (725 steps)
   ┃        ├─ 37 (terminal)
   ┃        │   k: #halt ~> CONTINUATION:K
   ┃        │   pc: 248
   ┃        │   callDepth: 0
   ┃        │   statusCode: EVMC_SUCCESS
   ┃        │   src: lib/forge-std/lib/ds-test/src/test.sol:37:38
   ┃        │
   ┃        ┊  constraint: true
   ┃        ┊  subst: OMITTED SUBST
   ┃        └─ 8 (leaf, target, terminal)
   ┃            k: #halt ~> CONTINUATION:K
   ┃            pc: PC_CELL_5d410f2a:Int
   ┃            callDepth: CALLDEPTH_CELL_5d410f2a:Int
   ┃            statusCode: STATUSCODE_FINAL:StatusCode
   ┃
   ┗━━┓
      │
      ├─ 15
      │   k: #halt ~> #return 128 32 ~> #pc [ STATICCALL ] ~> #execute ~> CONTINUATION:K
      │   pc: 87
      │   callDepth: 1
      │   statusCode: EVMC_SUCCESS
      │   src: test/CSE.t.sol:9:34
      │
      │  (755 steps)
      ├─ 17
      │   k: #checkDepthExceeded ~> #call 491460923342184218035706888008750043977755113263 49 ...
      │   pc: 148
      │   callDepth: 1
      │   statusCode: EVMC_SUCCESS
      │   src: lib/forge-std/src/StdInvariant.sol:79:82
      ┃
      ┃ (1 step)
      ┣━━┓
      ┃  │
      ┃  ├─ 20
      ┃  │   k: #halt ~> #return 160 32 ~> #pc [ STATICCALL ] ~> #execute ~> CONTINUATION:K
      ┃  │   pc: 87
      ┃  │   callDepth: 1
      ┃  │   statusCode: EVMC_SUCCESS
      ┃  │   src: test/CSE.t.sol:9:34
      ┃  │
      ┃  │  (755 steps)
      ┃  ├─ 24
      ┃  │   k: #checkDepthExceeded ~> #call 491460923342184218035706888008750043977755113263 49 ...
      ┃  │   pc: 148
      ┃  │   callDepth: 1
      ┃  │   statusCode: EVMC_SUCCESS
      ┃  │   src: lib/forge-std/src/StdInvariant.sol:79:82
      ┃  ┃
      ┃  ┃ (1 step)
      ┃  ┣━━┓
      ┃  ┃  │
      ┃  ┃  ├─ 30
      ┃  ┃  │   k: #halt ~> #return 192 32 ~> #pc [ STATICCALL ] ~> #execute ~> CONTINUATION:K
      ┃  ┃  │   pc: 87
      ┃  ┃  │   callDepth: 1
      ┃  ┃  │   statusCode: EVMC_SUCCESS
      ┃  ┃  │   src: test/CSE.t.sol:9:34
      ┃  ┃  │
      ┃  ┃  │  (725 steps)
      ┃  ┃  ├─ 38 (terminal)
      ┃  ┃  │   k: #halt ~> CONTINUATION:K
      ┃  ┃  │   pc: 248
      ┃  ┃  │   callDepth: 0
      ┃  ┃  │   statusCode: EVMC_SUCCESS
      ┃  ┃  │   src: lib/forge-std/lib/ds-test/src/test.sol:37:38
      ┃  ┃  │
      ┃  ┃  ┊  constraint: true
      ┃  ┃  ┊  subst: OMITTED SUBST
      ┃  ┃  └─ 8 (leaf, target, terminal)
      ┃  ┃      k: #halt ~> CONTINUATION:K
      ┃  ┃      pc: PC_CELL_5d410f2a:Int
      ┃  ┃      callDepth: CALLDEPTH_CELL_5d410f2a:Int
      ┃  ┃      statusCode: STATUSCODE_FINAL:StatusCode
      ┃  ┃
      ┃  ┗━━┓
      ┃     │
      ┃     ├─ 31
      ┃     │   k: #halt ~> #return 192 32 ~> #pc [ STATICCALL ] ~> #execute ~> CONTINUATION:K
      ┃     │   pc: 87
      ┃     │   callDepth: 1
      ┃     │   statusCode: EVMC_SUCCESS
      ┃     │   src: test/CSE.t.sol:9:34
      ┃     │
      ┃     │  (725 steps)
      ┃     ├─ 39 (terminal)
      ┃     │   k: #halt ~> CONTINUATION:K
      ┃     │   pc: 248
      ┃     │   callDepth: 0
      ┃     │   statusCode: EVMC_SUCCESS
      ┃     │   src: lib/forge-std/lib/ds-test/src/test.sol:37:38
      ┃     │
      ┃     ┊  constraint: true
      ┃     ┊  subst: OMITTED SUBST
      ┃     └─ 8 (leaf, target, terminal)
      ┃         k: #halt ~> CONTINUATION:K
      ┃         pc: PC_CELL_5d410f2a:Int
      ┃         callDepth: CALLDEPTH_CELL_5d410f2a:Int
      ┃         statusCode: STATUSCODE_FINAL:StatusCode
      ┃
      ┗━━┓
         │
         ├─ 21
         │   k: #halt ~> #return 160 32 ~> #pc [ STATICCALL ] ~> #execute ~> CONTINUATION:K
         │   pc: 87
         │   callDepth: 1
         │   statusCode: EVMC_SUCCESS
         │   src: test/CSE.t.sol:9:34
         │
         │  (755 steps)
         ├─ 25
         │   k: #checkDepthExceeded ~> #call 491460923342184218035706888008750043977755113263 49 ...
         │   pc: 148
         │   callDepth: 1
         │   statusCode: EVMC_SUCCESS
         │   src: lib/forge-std/src/StdInvariant.sol:79:82
         ┃
         ┃ (1 step)
         ┣━━┓
         ┃  │
         ┃  ├─ 32
         ┃  │   k: #halt ~> #return 192 32 ~> #pc [ STATICCALL ] ~> #execute ~> CONTINUATION:K
         ┃  │   pc: 87
         ┃  │   callDepth: 1
         ┃  │   statusCode: EVMC_SUCCESS
         ┃  │   src: test/CSE.t.sol:9:34
         ┃  │
         ┃  │  (725 steps)
         ┃  ├─ 40 (terminal)
         ┃  │   k: #halt ~> CONTINUATION:K
         ┃  │   pc: 248
         ┃  │   callDepth: 0
         ┃  │   statusCode: EVMC_SUCCESS
         ┃  │   src: lib/forge-std/lib/ds-test/src/test.sol:37:38
         ┃  │
         ┃  ┊  constraint: true
         ┃  ┊  subst: OMITTED SUBST
         ┃  └─ 8 (leaf, target, terminal)
         ┃      k: #halt ~> CONTINUATION:K
         ┃      pc: PC_CELL_5d410f2a:Int
         ┃      callDepth: CALLDEPTH_CELL_5d410f2a:Int
         ┃      statusCode: STATUSCODE_FINAL:StatusCode
         ┃
         ┗━━┓
            │
            ├─ 33
            │   k: #halt ~> #return 192 32 ~> #pc [ STATICCALL ] ~> #execute ~> CONTINUATION:K
            │   pc: 87
            │   callDepth: 1
            │   statusCode: EVMC_SUCCESS
            │   src: test/CSE.t.sol:9:34
            │
            │  (725 steps)
            ├─ 41 (terminal)
            │   k: #halt ~> CONTINUATION:K
            │   pc: 248
            │   callDepth: 0
            │   statusCode: EVMC_SUCCESS
            │   src: lib/forge-std/lib/ds-test/src/test.sol:37:38
            │
            ┊  constraint: true
            ┊  subst: OMITTED SUBST
            └─ 8 (leaf, target, terminal)
                k: #halt ~> CONTINUATION:K
                pc: PC_CELL_5d410f2a:Int
                callDepth: CALLDEPTH_CELL_5d410f2a:Int
                statusCode: STATUSCODE_FINAL:StatusCode




